Archive member included to satisfy reference by file (symbol)

/Applications/STM32CubeIDE.app/Contents/Eclipse/plugins/com.st.stm32cube.ide.mcu.externaltools.gnu-tools-for-stm32.9-2020-q2-update.macos64_2.0.0.202105311346/tools/bin/../lib/gcc/arm-none-eabi/9.3.1/../../../../arm-none-eabi/lib/thumb/v7e-m+fp/hard/libc_nano.a(lib_a-errno.o)
                              ./Core/Src/syscalls.o (__errno)
/Applications/STM32CubeIDE.app/Contents/Eclipse/plugins/com.st.stm32cube.ide.mcu.externaltools.gnu-tools-for-stm32.9-2020-q2-update.macos64_2.0.0.202105311346/tools/bin/../lib/gcc/arm-none-eabi/9.3.1/../../../../arm-none-eabi/lib/thumb/v7e-m+fp/hard/libc_nano.a(lib_a-exit.o)
                              /Applications/STM32CubeIDE.app/Contents/Eclipse/plugins/com.st.stm32cube.ide.mcu.externaltools.gnu-tools-for-stm32.9-2020-q2-update.macos64_2.0.0.202105311346/tools/bin/../lib/gcc/arm-none-eabi/9.3.1/../../../../arm-none-eabi/lib/thumb/v7e-m+fp/hard/crt0.o (exit)
/Applications/STM32CubeIDE.app/Contents/Eclipse/plugins/com.st.stm32cube.ide.mcu.externaltools.gnu-tools-for-stm32.9-2020-q2-update.macos64_2.0.0.202105311346/tools/bin/../lib/gcc/arm-none-eabi/9.3.1/../../../../arm-none-eabi/lib/thumb/v7e-m+fp/hard/libc_nano.a(lib_a-impure.o)
                              /Applications/STM32CubeIDE.app/Contents/Eclipse/plugins/com.st.stm32cube.ide.mcu.externaltools.gnu-tools-for-stm32.9-2020-q2-update.macos64_2.0.0.202105311346/tools/bin/../lib/gcc/arm-none-eabi/9.3.1/../../../../arm-none-eabi/lib/thumb/v7e-m+fp/hard/libc_nano.a(lib_a-exit.o) (_global_impure_ptr)
/Applications/STM32CubeIDE.app/Contents/Eclipse/plugins/com.st.stm32cube.ide.mcu.externaltools.gnu-tools-for-stm32.9-2020-q2-update.macos64_2.0.0.202105311346/tools/bin/../lib/gcc/arm-none-eabi/9.3.1/../../../../arm-none-eabi/lib/thumb/v7e-m+fp/hard/libc_nano.a(lib_a-init.o)
                              /Applications/STM32CubeIDE.app/Contents/Eclipse/plugins/com.st.stm32cube.ide.mcu.externaltools.gnu-tools-for-stm32.9-2020-q2-update.macos64_2.0.0.202105311346/tools/bin/../lib/gcc/arm-none-eabi/9.3.1/../../../../arm-none-eabi/lib/thumb/v7e-m+fp/hard/crt0.o (__libc_init_array)
/Applications/STM32CubeIDE.app/Contents/Eclipse/plugins/com.st.stm32cube.ide.mcu.externaltools.gnu-tools-for-stm32.9-2020-q2-update.macos64_2.0.0.202105311346/tools/bin/../lib/gcc/arm-none-eabi/9.3.1/../../../../arm-none-eabi/lib/thumb/v7e-m+fp/hard/libc_nano.a(lib_a-memcpy-stub.o)
                              ./Middlewares/ST/BlueNRG-2/hci/bluenrg1_events.o (memcpy)
/Applications/STM32CubeIDE.app/Contents/Eclipse/plugins/com.st.stm32cube.ide.mcu.externaltools.gnu-tools-for-stm32.9-2020-q2-update.macos64_2.0.0.202105311346/tools/bin/../lib/gcc/arm-none-eabi/9.3.1/../../../../arm-none-eabi/lib/thumb/v7e-m+fp/hard/libc_nano.a(lib_a-memset.o)
                              /Applications/STM32CubeIDE.app/Contents/Eclipse/plugins/com.st.stm32cube.ide.mcu.externaltools.gnu-tools-for-stm32.9-2020-q2-update.macos64_2.0.0.202105311346/tools/bin/../lib/gcc/arm-none-eabi/9.3.1/../../../../arm-none-eabi/lib/thumb/v7e-m+fp/hard/crt0.o (memset)
/Applications/STM32CubeIDE.app/Contents/Eclipse/plugins/com.st.stm32cube.ide.mcu.externaltools.gnu-tools-for-stm32.9-2020-q2-update.macos64_2.0.0.202105311346/tools/bin/../lib/gcc/arm-none-eabi/9.3.1/../../../../arm-none-eabi/lib/thumb/v7e-m+fp/hard/libc_nano.a(lib_a-printf.o)
                              ./Core/Src/services.o (printf)
/Applications/STM32CubeIDE.app/Contents/Eclipse/plugins/com.st.stm32cube.ide.mcu.externaltools.gnu-tools-for-stm32.9-2020-q2-update.macos64_2.0.0.202105311346/tools/bin/../lib/gcc/arm-none-eabi/9.3.1/../../../../arm-none-eabi/lib/thumb/v7e-m+fp/hard/libc_nano.a(lib_a-puts.o)
                              ./Core/Src/app_bluenrg.o (puts)
/Applications/STM32CubeIDE.app/Contents/Eclipse/plugins/com.st.stm32cube.ide.mcu.externaltools.gnu-tools-for-stm32.9-2020-q2-update.macos64_2.0.0.202105311346/tools/bin/../lib/gcc/arm-none-eabi/9.3.1/../../../../arm-none-eabi/lib/thumb/v7e-m+fp/hard/libc_nano.a(lib_a-strlen.o)
                              ./Core/Src/app_bluenrg.o (strlen)
/Applications/STM32CubeIDE.app/Contents/Eclipse/plugins/com.st.stm32cube.ide.mcu.externaltools.gnu-tools-for-stm32.9-2020-q2-update.macos64_2.0.0.202105311346/tools/bin/../lib/gcc/arm-none-eabi/9.3.1/../../../../arm-none-eabi/lib/thumb/v7e-m+fp/hard/libc_nano.a(lib_a-wbuf.o)
                              /Applications/STM32CubeIDE.app/Contents/Eclipse/plugins/com.st.stm32cube.ide.mcu.externaltools.gnu-tools-for-stm32.9-2020-q2-update.macos64_2.0.0.202105311346/tools/bin/../lib/gcc/arm-none-eabi/9.3.1/../../../../arm-none-eabi/lib/thumb/v7e-m+fp/hard/libc_nano.a(lib_a-puts.o) (__swbuf_r)
/Applications/STM32CubeIDE.app/Contents/Eclipse/plugins/com.st.stm32cube.ide.mcu.externaltools.gnu-tools-for-stm32.9-2020-q2-update.macos64_2.0.0.202105311346/tools/bin/../lib/gcc/arm-none-eabi/9.3.1/../../../../arm-none-eabi/lib/thumb/v7e-m+fp/hard/libc_nano.a(lib_a-wsetup.o)
[...]
Memory Configuration

Name             Origin             Length             Attributes
RAM              0x0000000020000000 0x0000000000020000 xrw
FLASH            0x0000000008000000 0x0000000000080000 xr
*default*        0x0000000000000000 0xffffffffffffffff

Linker script and memory map

LOAD /Applications/STM32CubeIDE.app/Contents/Eclipse/plugins/com.st.stm32cube.ide.mcu.externaltools.gnu-tools-for-stm32.9-2020-q2-update.macos64_2.0.0.202105311346/tools/bin/../lib/gcc/arm-none-eabi/9.3.1/thumb/v7e-m+fp/hard/crti.o
LOAD /Applications/STM32CubeIDE.app/Contents/Eclipse/plugins/com.st.stm32cube.ide.mcu.externaltools.gnu-tools-for-stm32.9-2020-q2-update.macos64_2.0.0.202105311346/tools/bin/../lib/gcc/arm-none-eabi/9.3.1/thumb/v7e-m+fp/hard/crtbegin.o
LOAD /Applications/STM32CubeIDE.app/Contents/Eclipse/plugins/com.st.stm32cube.ide.mcu.externaltools.gnu-tools-for-stm32.9-2020-q2-update.macos64_2.0.0.202105311346/tools/bin/../lib/gcc/arm-none-eabi/9.3.1/../../../../arm-none-eabi/lib/thumb/v7e-m+fp/hard/crt0.o
LOAD ./BlueNRG-2/Target/hci_tl_interface.o
LOAD ./Core/Src/app_bluenrg.o
LOAD ./Core/Src/custom_bus.o
LOAD ./Core/Src/main.o
LOAD ./Core/Src/services.o
LOAD ./Core/Src/stm32f4xx_hal_msp.o
LOAD ./Core/Src/stm32f4xx_it.o
LOAD ./Core/Src/syscalls.o
LOAD ./Core/Src/sysmem.o
LOAD ./Core/Src/system_stm32f4xx.o
LOAD ./Core/Startup/startup_stm32f411retx.o
LOAD ./Drivers/STM32F4xx_HAL_Driver/Src/stm32f4xx_hal.o
LOAD ./Drivers/STM32F4xx_HAL_Driver/Src/stm32f4xx_hal_cortex.o
LOAD ./Drivers/STM32F4xx_HAL_Driver/Src/stm32f4xx_hal_dma.o
LOAD ./Drivers/STM32F4xx_HAL_Driver/Src/stm32f4xx_hal_dma_ex.o
LOAD ./Drivers/STM32F4xx_HAL_Driver/Src/stm32f4xx_hal_exti.o
LOAD ./Drivers/STM32F4xx_HAL_Driver/Src/stm32f4xx_hal_flash.o
LOAD ./Drivers/STM32F4xx_HAL_Driver/Src/stm32f4xx_hal_flash_ex.o
LOAD ./Drivers/STM32F4xx_HAL_Driver/Src/stm32f4xx_hal_flash_ramfunc.o
LOAD ./Drivers/STM32F4xx_HAL_Driver/Src/stm32f4xx_hal_gpio.o
LOAD ./Drivers/STM32F4xx_HAL_Driver/Src/stm32f4xx_hal_pwr.o
LOAD ./Drivers/STM32F4xx_HAL_Driver/Src/stm32f4xx_hal_pwr_ex.o
LOAD ./Drivers/STM32F4xx_HAL_Driver/Src/stm32f4xx_hal_rcc.o
LOAD ./Drivers/STM32F4xx_HAL_Driver/Src/stm32f4xx_hal_rcc_ex.o
LOAD ./Drivers/STM32F4xx_HAL_Driver/Src/stm32f4xx_hal_spi.o
LOAD ./Drivers/STM32F4xx_HAL_Driver/Src/stm32f4xx_hal_tim.o
LOAD ./Drivers/STM32F4xx_HAL_Driver/Src/stm32f4xx_hal_tim_ex.o
LOAD ./Drivers/STM32F4xx_HAL_Driver/Src/stm32f4xx_hal_uart.o
LOAD ./Middlewares/ST/BlueNRG-2/hci/bluenrg1_devConfig.o
LOAD ./Middlewares/ST/BlueNRG-2/hci/bluenrg1_events.o
LOAD ./Middlewares/ST/BlueNRG-2/hci/bluenrg1_events_cb.o
LOAD ./Middlewares/ST/BlueNRG-2/hci/bluenrg1_hci_le.o
LOAD ./Middlewares/ST/BlueNRG-2/hci/controller/bluenrg1_gap_aci.o
LOAD ./Middlewares/ST/BlueNRG-2/hci/controller/bluenrg1_gatt_aci.o
LOAD ./Middlewares/ST/BlueNRG-2/hci/controller/bluenrg1_hal_aci.o
LOAD ./Middlewares/ST/BlueNRG-2/hci/controller/bluenrg1_l2cap_aci.o
LOAD ./Middlewares/ST/BlueNRG-2/hci/hci_tl_patterns/Basic/hci_tl.o
LOAD ./Middlewares/ST/BlueNRG-2/utils/ble_list.o
START GROUP
LOAD /Applications/STM32CubeIDE.app/Contents/Eclipse/plugins/com.st.stm32cube.ide.mcu.externaltools.gnu-tools-for-stm32.9-2020-q2-update.macos64_2.0.0.202105311346/tools/bin/../lib/gcc/arm-none-eabi/9.3.1/../../../../arm-none-eabi/lib/thumb/v7e-m+fp/hard/libc_nano.a
LOAD /Applications/STM32CubeIDE.app/Contents/Eclipse/plugins/com.st.stm32cube.ide.mcu.externaltools.gnu-tools-for-stm32.9-2020-q2-update.macos64_2.0.0.202105311346/tools/bin/../lib/gcc/arm-none-eabi/9.3.1/../../../../arm-none-eabi/lib/thumb/v7e-m+fp/hard/libm.a
END GROUP
START GROUP
LOAD /Applications/STM32CubeIDE.app/Contents/Eclipse/plugins/com.st.stm32cube.ide.mcu.externaltools.gnu-tools-for-stm32.9-2020-q2-update.macos64_2.0.0.202105311346/tools/bin/../lib/gcc/arm-none-eabi/9.3.1/thumb/v7e-m+fp/hard/libgcc.a
LOAD /Applications/STM32CubeIDE.app/Contents/Eclipse/plugins/com.st.stm32cube.ide.mcu.externaltools.gnu-tools-for-stm32.9-2020-q2-update.macos64_2.0.0.202105311346/tools/bin/../lib/gcc/arm-none-eabi/9.3.1/../../../../arm-none-eabi/lib/thumb/v7e-m+fp/hard/libc_nano.a
END GROUP
START GROUP
LOAD /Applications/STM32CubeIDE.app/Contents/Eclipse/plugins/com.st.stm32cube.ide.mcu.externaltools.gnu-tools-for-stm32.9-2020-q2-update.macos64_2.0.0.202105311346/tools/bin/../lib/gcc/arm-none-eabi/9.3.1/thumb/v7e-m+fp/hard/libgcc.a
LOAD /Applications/STM32CubeIDE.app/Contents/Eclipse/plugins/com.st.stm32cube.ide.mcu.externaltools.gnu-tools-for-stm32.9-2020-q2-update.macos64_2.0.0.202105311346/tools/bin/../lib/gcc/arm-none-eabi/9.3.1/../../../../arm-none-eabi/lib/thumb/v7e-m+fp/hard/libc_nano.a
LOAD /Applications/STM32CubeIDE.app/Contents/Eclipse/plugins/com.st.stm32cube.ide.mcu.externaltools.gnu-tools-for-stm32.9-2020-q2-update.macos64_2.0.0.202105311346/tools/bin/../lib/gcc/arm-none-eabi/9.3.1/../../../../arm-none-eabi/lib/thumb/v7e-m+fp/hard/libnosys.a
END GROUP
START GROUP
LOAD /Applications/STM32CubeIDE.app/Contents/Eclipse/plugins/com.st.stm32cube.ide.mcu.externaltools.gnu-tools-for-stm32.9-2020-q2-update.macos64_2.0.0.202105311346/tools/bin/../lib/gcc/arm-none-eabi/9.3.1/thumb/v7e-m+fp/hard/libgcc.a
LOAD /Applications/STM32CubeIDE.app/Contents/Eclipse/plugins/com.st.stm32cube.ide.mcu.externaltools.gnu-tools-for-stm32.9-2020-q2-update.macos64_2.0.0.202105311346/tools/bin/../lib/gcc/arm-none-eabi/9.3.1/../../../../arm-none-eabi/lib/thumb/v7e-m+fp/hard/libc_nano.a
LOAD /Applications/STM32CubeIDE.app/Contents/Eclipse/plugins/com.st.stm32cube.ide.mcu.externaltools.gnu-tools-for-stm32.9-2020-q2-update.macos64_2.0.0.202105311346/tools/bin/../lib/gcc/arm-none-eabi/9.3.1/../../../../arm-none-eabi/lib/thumb/v7e-m+fp/hard/libnosys.a
END GROUP
LOAD /Applications/STM32CubeIDE.app/Contents/Eclipse/plugins/com.st.stm32cube.ide.mcu.externaltools.gnu-tools-for-stm32.9-2020-q2-update.macos64_2.0.0.202105311346/tools/bin/../lib/gcc/arm-none-eabi/9.3.1/thumb/v7e-m+fp/hard/crtend.o
LOAD /Applications/STM32CubeIDE.app/Contents/Eclipse/plugins/com.st.stm32cube.ide.mcu.externaltools.gnu-tools-for-stm32.9-2020-q2-update.macos64_2.0.0.202105311346/tools/bin/../lib/gcc/arm-none-eabi/9.3.1/thumb/v7e-m+fp/hard/crtn.o
                0x0000000020020000                _estack = (ORIGIN (RAM) + LENGTH (RAM))
                0x0000000000000200                _Min_Heap_Size = 0x200
                0x0000000000000400                _Min_Stack_Size = 0x400

.isr_vector     0x0000000008000000      0x198
                0x0000000008000000                . = ALIGN (0x4)
 *(.isr_vector)
 .isr_vector    0x0000000008000000      0x198 ./Core/Startup/startup_stm32f411retx.o
                0x0000000008000000                g_pfnVectors
                0x0000000008000198                . = ALIGN (0x4)

.text           0x00000000080001a0     0x6874
                0x00000000080001a0                . = ALIGN (0x4)
 *(.text)
 .text          0x00000000080001a0       0x40 /Applications/STM32CubeIDE.app/Contents/Eclipse/plugins/com.st.stm32cube.ide.mcu.externaltools.gnu-tools-for-stm32.9-2020-q2-update.macos64_2.0.0.202105311346/tools/bin/../lib/gcc/arm-none-eabi/9.3.1/thumb/v7e-m+fp/hard/crtbegin.o
 .text          0x00000000080001e0       0x10 /Applications/STM32CubeIDE.app/Contents/Eclipse/plugins/com.st.stm32cube.ide.mcu.externaltools.gnu-tools-for-stm32.9-2020-q2-update.macos64_2.0.0.202105311346/tools/bin/../lib/gcc/arm-none-eabi/9.3.1/../../../../arm-none-eabi/lib/thumb/v7e-m+fp/hard/libc_nano.a(lib_a-strlen.o)
                0x00000000080001e0                strlen
 .text          0x00000000080001f0       0xa0 /Applications/STM32CubeIDE.app/Contents/Eclipse/plugins/com.st.stm32cube.ide.mcu.externaltools.gnu-tools-for-stm32.9-2020-q2-update.macos64_2.0.0.202105311346/tools/bin/../lib/gcc/arm-none-eabi/9.3.1/../../../../arm-none-eabi/lib/thumb/v7e-m+fp/hard/libc_nano.a(lib_a-memchr.o)
                0x00000000080001f0                memchr
 .text          0x0000000008000290       0x30 /Applications/STM32CubeIDE.app/Contents/Eclipse/plugins/com.st.stm32cube.ide.mcu.externaltools.gnu-tools-for-stm32.9-2020-q2-update.macos64_2.0.0.202105311346/tools/bin/../lib/gcc/arm-none-eabi/9.3.1/thumb/v7e-m+fp/hard/libgcc.a(_aeabi_uldivmod.o)
                0x0000000008000290                __aeabi_uldivmod
 .text          0x00000000080002c0      0x2c4 /Applications/STM32CubeIDE.app/Contents/Eclipse/plugins/com.st.stm32cube.ide.mcu.externaltools.gnu-tools-for-stm32.9-2020-q2-update.macos64_2.0.0.202105311346/tools/bin/../lib/gcc/arm-none-eabi/9.3.1/thumb/v7e-m+fp/hard/libgcc.a(_udivmoddi4.o)
                0x00000000080002c0                __udivmoddi4
 .text          0x0000000008000584        0x4 /Applications/STM32CubeIDE.app/Contents/Eclipse/plugins/com.st.stm32cube.ide.mcu.externaltools.gnu-tools-for-stm32.9-2020-q2-update.macos64_2.0.0.202105311346/tools/bin/../lib/gcc/arm-none-eabi/9.3.1/thumb/v7e-m+fp/hard/libgcc.a(_dvmd_tls.o)
                0x0000000008000584                __aeabi_ldiv0
                0x0000000008000584                __aeabi_idiv0
 *(.text*)
 .text.HCI_TL_SPI_Enable_IRQ
                0x0000000008000588        0xe ./BlueNRG-2/Target/hci_tl_interface.o
 .text.HCI_TL_SPI_Disable_IRQ
                0x0000000008000596        0xe ./BlueNRG-2/Target/hci_tl_interface.o
 .text.HCI_TL_SPI_Init
                0x00000000080005a4       0x98 ./BlueNRG-2/Target/hci_tl_interface.o
                0x00000000080005a4                HCI_TL_SPI_Init
 .text.HCI_TL_SPI_DeInit
                0x000000000800063c       0x28 ./BlueNRG-2/Target/hci_tl_interface.o
                0x000000000800063c                HCI_TL_SPI_DeInit
 .text.HCI_TL_SPI_Reset
                0x0000000008000664       0x3c ./BlueNRG-2/Target/hci_tl_interface.o
                0x0000000008000664                HCI_TL_SPI_Reset
 .text.HCI_TL_SPI_Receive
                0x00000000080006a0       0xe0 ./BlueNRG-2/Target/hci_tl_interface.o
                0x00000000080006a0                HCI_TL_SPI_Receive
 .text.HCI_TL_SPI_Send
                0x0000000008000780      0x118 ./BlueNRG-2/Target/hci_tl_interface.o
                0x0000000008000780                HCI_TL_SPI_Send
 .text.IsDataAvailable
                0x0000000008000898       0x20 ./BlueNRG-2/Target/hci_tl_interface.o
 .text.hci_tl_lowlevel_init
                0x00000000080008b8       0x74 ./BlueNRG-2/Target/hci_tl_interface.o
                0x00000000080008b8                hci_tl_lowlevel_init
 .text.hci_tl_lowlevel_isr
                0x000000000800092c       0x22 ./BlueNRG-2/Target/hci_tl_interface.o
                0x000000000800092c                hci_tl_lowlevel_isr
 *fill*         0x000000000800094e        0x2 
 .text.bluenrg_init
                0x0000000008000950      0x160 ./Core/Src/app_bluenrg.o
                0x0000000008000950                bluenrg_init
 .text.bluenrg_process
                0x0000000008000ab0       0x44 ./Core/Src/app_bluenrg.o
                0x0000000008000ab0                bluenrg_process
 .text.BSP_SPI1_Init
                0x0000000008000af4       0x60 ./Core/Src/custom_bus.o
                0x0000000008000af4                BSP_SPI1_Init
 .text.BSP_SPI1_SendRecv
                0x0000000008000b54       0x40 ./Core/Src/custom_bus.o
                0x0000000008000b54                BSP_SPI1_SendRecv
 .text.BSP_GetTick
                0x0000000008000b94        0xe ./Core/Src/custom_bus.o
                0x0000000008000b94                BSP_GetTick
 *fill*         0x0000000008000ba2        0x2 
 .text.MX_SPI1_Init
                0x0000000008000ba4       0x78 ./Core/Src/custom_bus.o
                0x0000000008000ba4                MX_SPI1_Init
 .text.SPI1_MspInit
                0x0000000008000c1c       0xd0 ./Core/Src/custom_bus.o
 .text.__io_putchar
                0x0000000008000cec       0x30 ./Core/Src/main.o
                0x0000000008000cec                __io_putchar
 .text.main     0x0000000008000d1c       0x28 ./Core/Src/main.o
                0x0000000008000d1c                main
 .text.SystemClock_Config
                0x0000000008000d44       0xd0 ./Core/Src/main.o
                0x0000000008000d44                SystemClock_Config
 .text.MX_USART2_UART_Init
                0x0000000008000e14       0x54 ./Core/Src/main.o
 .text.MX_GPIO_Init
                0x0000000008000e68      0x11c ./Core/Src/main.o
 .text.Error_Handler
                0x0000000008000f84        0xa ./Core/Src/main.o
                0x0000000008000f84                Error_Handler
 *fill*         0x0000000008000f8e        0x2 
 .text.add_services
                0x0000000008000f90       0xac ./Core/Src/services.o
                0x0000000008000f90                add_services
 .text.receive_data
                0x000000000800103c       0xc4 ./Core/Src/services.o
                0x000000000800103c                receive_data
 .text.send_data
                0x0000000008001100       0x48 ./Core/Src/services.o
                0x0000000008001100                send_data
 .text.Attribute_Modified_CB
                0x0000000008001148       0x58 ./Core/Src/services.o
                0x0000000008001148                Attribute_Modified_CB
 .text.aci_gatt_attribute_modified_event
                0x00000000080011a0       0x34 ./Core/Src/services.o
                0x00000000080011a0                aci_gatt_attribute_modified_event
 .text.aci_gatt_notification_event
                0x00000000080011d4       0x38 ./Core/Src/services.o
                0x00000000080011d4                aci_gatt_notification_event
 .text.hci_le_connection_complete_event
                0x000000000800120c       0x44 ./Core/Src/services.o
                0x000000000800120c                hci_le_connection_complete_event
 .text.APP_UserEvtRx
                0x0000000008001250       0xf0 ./Core/Src/services.o
                0x0000000008001250                APP_UserEvtRx
 .text.HAL_MspInit
                0x0000000008001340       0x50 ./Core/Src/stm32f4xx_hal_msp.o
                0x0000000008001340                HAL_MspInit
 .text.HAL_UART_MspInit
                0x0000000008001390       0x90 ./Core/Src/stm32f4xx_hal_msp.o
                0x0000000008001390                HAL_UART_MspInit
 .text.NMI_Handler
                0x0000000008001420        0x6 ./Core/Src/stm32f4xx_it.o
                0x0000000008001420                NMI_Handler
 .text.HardFault_Handler
                0x0000000008001426        0x6 ./Core/Src/stm32f4xx_it.o
                0x0000000008001426                HardFault_Handler
 .text.MemManage_Handler
                0x000000000800142c        0x6 ./Core/Src/stm32f4xx_it.o
                0x000000000800142c                MemManage_Handler
 .text.BusFault_Handler
                0x0000000008001432        0x6 ./Core/Src/stm32f4xx_it.o
                0x0000000008001432                BusFault_Handler
 .text.UsageFault_Handler
                0x0000000008001438        0x6 ./Core/Src/stm32f4xx_it.o
                0x0000000008001438                UsageFault_Handler
 .text.SVC_Handler
                0x000000000800143e        0xe ./Core/Src/stm32f4xx_it.o
                0x000000000800143e                SVC_Handler
 .text.DebugMon_Handler
                0x000000000800144c        0xe ./Core/Src/stm32f4xx_it.o
                0x000000000800144c                DebugMon_Handler
 .text.PendSV_Handler
                0x000000000800145a        0xe ./Core/Src/stm32f4xx_it.o
                0x000000000800145a                PendSV_Handler
 .text.SysTick_Handler
                0x0000000008001468        0xc ./Core/Src/stm32f4xx_it.o
                0x0000000008001468                SysTick_Handler
 .text.EXTI0_IRQHandler
                0x0000000008001474       0x14 ./Core/Src/stm32f4xx_it.o
                0x0000000008001474                EXTI0_IRQHandler
 .text.EXTI15_10_IRQHandler
                0x0000000008001488       0x10 ./Core/Src/stm32f4xx_it.o
                0x0000000008001488                EXTI15_10_IRQHandler
 .text._read    0x0000000008001498       0x3a ./Core/Src/syscalls.o
                0x0000000008001498                _read
 .text._write   0x00000000080014d2       0x38 ./Core/Src/syscalls.o
                0x00000000080014d2                _write
 .text._close   0x000000000800150a       0x18 ./Core/Src/syscalls.o
                0x000000000800150a                _close
 .text._fstat   0x0000000008001522       0x20 ./Core/Src/syscalls.o
                0x0000000008001522                _fstat
 .text._isatty  0x0000000008001542       0x16 ./Core/Src/syscalls.o
                0x0000000008001542                _isatty
 .text._lseek   0x0000000008001558       0x1a ./Core/Src/syscalls.o
                0x0000000008001558                _lseek
 *fill*         0x0000000008001572        0x2 
 .text._sbrk    0x0000000008001574       0x6c ./Core/Src/sysmem.o
                0x0000000008001574                _sbrk
 .text.SystemInit
                0x00000000080015e0       0x24 ./Core/Src/system_stm32f4xx.o
                0x00000000080015e0                SystemInit
 .text.Reset_Handler
                0x0000000008001604       0x50 ./Core/Startup/startup_stm32f411retx.o
                0x0000000008001604                Reset_Handler
 .text.Default_Handler
                0x0000000008001654        0x2 ./Core/Startup/startup_stm32f411retx.o
                0x0000000008001654                DMA1_Stream3_IRQHandler
                0x0000000008001654                EXTI2_IRQHandler
                0x0000000008001654                SPI4_IRQHandler
                0x0000000008001654                TIM1_CC_IRQHandler
                0x0000000008001654                DMA2_Stream5_IRQHandler
                0x0000000008001654                DMA1_Stream5_IRQHandler
                0x0000000008001654                PVD_IRQHandler
                0x0000000008001654                SDIO_IRQHandler
                0x0000000008001654                TAMP_STAMP_IRQHandler
                0x0000000008001654                EXTI3_IRQHandler
                0x0000000008001654                TIM1_UP_TIM10_IRQHandler
                0x0000000008001654                I2C3_ER_IRQHandler
                0x0000000008001654                I2C2_EV_IRQHandler
                0x0000000008001654                DMA1_Stream2_IRQHandler
                0x0000000008001654                FPU_IRQHandler
                0x0000000008001654                DMA2_Stream2_IRQHandler
                0x0000000008001654                SPI1_IRQHandler
                0x0000000008001654                TIM1_BRK_TIM9_IRQHandler
                0x0000000008001654                DMA2_Stream3_IRQHandler
                0x0000000008001654                USART6_IRQHandler
                0x0000000008001654                DMA2_Stream0_IRQHandler
                0x0000000008001654                TIM4_IRQHandler
                0x0000000008001654                I2C1_EV_IRQHandler
                0x0000000008001654                DMA1_Stream6_IRQHandler
                0x0000000008001654                DMA1_Stream1_IRQHandler
                0x0000000008001654                TIM3_IRQHandler
                0x0000000008001654                RCC_IRQHandler
                0x0000000008001654                Default_Handler
                0x0000000008001654                ADC_IRQHandler
                0x0000000008001654                DMA1_Stream7_IRQHandler
                0x0000000008001654                SPI5_IRQHandler
                0x0000000008001654                TIM5_IRQHandler
                0x0000000008001654                DMA2_Stream7_IRQHandler
                0x0000000008001654                I2C3_EV_IRQHandler
                0x0000000008001654                EXTI9_5_IRQHandler
                0x0000000008001654                RTC_WKUP_IRQHandler
                0x0000000008001654                SPI2_IRQHandler
                0x0000000008001654                DMA1_Stream0_IRQHandler
                0x0000000008001654                EXTI4_IRQHandler
                0x0000000008001654                WWDG_IRQHandler
                0x0000000008001654                TIM2_IRQHandler
                0x0000000008001654                OTG_FS_WKUP_IRQHandler
                0x0000000008001654                TIM1_TRG_COM_TIM11_IRQHandler
                0x0000000008001654                EXTI1_IRQHandler
                0x0000000008001654                USART2_IRQHandler
                0x0000000008001654                I2C2_ER_IRQHandler
                0x0000000008001654                DMA2_Stream1_IRQHandler
                0x0000000008001654                FLASH_IRQHandler
                0x0000000008001654                DMA2_Stream4_IRQHandler
                0x0000000008001654                USART1_IRQHandler
                0x0000000008001654                OTG_FS_IRQHandler
                0x0000000008001654                SPI3_IRQHandler
                0x0000000008001654                DMA1_Stream4_IRQHandler
                0x0000000008001654                I2C1_ER_IRQHandler
                0x0000000008001654                DMA2_Stream6_IRQHandler
                0x0000000008001654                RTC_Alarm_IRQHandler
 *fill*         0x0000000008001656        0x2 
 .text.HAL_Init
                0x0000000008001658       0x44 ./Drivers/STM32F4xx_HAL_Driver/Src/stm32f4xx_hal.o
                0x0000000008001658                HAL_Init
 .text.HAL_InitTick
                0x000000000800169c       0x60 ./Drivers/STM32F4xx_HAL_Driver/Src/stm32f4xx_hal.o
                0x000000000800169c                HAL_InitTick
 .text.HAL_IncTick
                0x00000000080016fc       0x28 ./Drivers/STM32F4xx_HAL_Driver/Src/stm32f4xx_hal.o
                0x00000000080016fc                HAL_IncTick
 .text.HAL_GetTick
                0x0000000008001724       0x18 ./Drivers/STM32F4xx_HAL_Driver/Src/stm32f4xx_hal.o
                0x0000000008001724                HAL_GetTick
 .text.HAL_Delay
                0x000000000800173c       0x48 ./Drivers/STM32F4xx_HAL_Driver/Src/stm32f4xx_hal.o
                0x000000000800173c                HAL_Delay
 .text.__NVIC_SetPriorityGrouping
                0x0000000008001784       0x48 ./Drivers/STM32F4xx_HAL_Driver/Src/stm32f4xx_hal_cortex.o
 .text.__NVIC_GetPriorityGrouping
                0x00000000080017cc       0x1c ./Drivers/STM32F4xx_HAL_Driver/Src/stm32f4xx_hal_cortex.o
 .text.__NVIC_EnableIRQ
                0x00000000080017e8       0x3c ./Drivers/STM32F4xx_HAL_Driver/Src/stm32f4xx_hal_cortex.o
 .text.__NVIC_DisableIRQ
                0x0000000008001824       0x48 ./Drivers/STM32F4xx_HAL_Driver/Src/stm32f4xx_hal_cortex.o
 .text.__NVIC_SetPriority
                0x000000000800186c       0x54 ./Drivers/STM32F4xx_HAL_Driver/Src/stm32f4xx_hal_cortex.o
 .text.NVIC_EncodePriority
                0x00000000080018c0       0x66 ./Drivers/STM32F4xx_HAL_Driver/Src/stm32f4xx_hal_cortex.o
 *fill*         0x0000000008001926        0x2 
 .text.SysTick_Config
                0x0000000008001928       0x44 ./Drivers/STM32F4xx_HAL_Driver/Src/stm32f4xx_hal_cortex.o
 .text.HAL_NVIC_SetPriorityGrouping
                0x000000000800196c       0x16 ./Drivers/STM32F4xx_HAL_Driver/Src/stm32f4xx_hal_cortex.o
                0x000000000800196c                HAL_NVIC_SetPriorityGrouping
 .text.HAL_NVIC_SetPriority
                0x0000000008001982       0x38 ./Drivers/STM32F4xx_HAL_Driver/Src/stm32f4xx_hal_cortex.o
                0x0000000008001982                HAL_NVIC_SetPriority
 .text.HAL_NVIC_EnableIRQ
                0x00000000080019ba       0x1c ./Drivers/STM32F4xx_HAL_Driver/Src/stm32f4xx_hal_cortex.o
                0x00000000080019ba                HAL_NVIC_EnableIRQ
 .text.HAL_NVIC_DisableIRQ
                0x00000000080019d6       0x1c ./Drivers/STM32F4xx_HAL_Driver/Src/stm32f4xx_hal_cortex.o
                0x00000000080019d6                HAL_NVIC_DisableIRQ
 .text.HAL_SYSTICK_Config
                0x00000000080019f2       0x18 ./Drivers/STM32F4xx_HAL_Driver/Src/stm32f4xx_hal_cortex.o
                0x00000000080019f2                HAL_SYSTICK_Config
 .text.HAL_EXTI_RegisterCallback
                0x0000000008001a0a       0x34 ./Drivers/STM32F4xx_HAL_Driver/Src/stm32f4xx_hal_exti.o
                0x0000000008001a0a                HAL_EXTI_RegisterCallback
 .text.HAL_EXTI_GetHandle
                0x0000000008001a3e       0x28 ./Drivers/STM32F4xx_HAL_Driver/Src/stm32f4xx_hal_exti.o
                0x0000000008001a3e                HAL_EXTI_GetHandle
 *fill*         0x0000000008001a66        0x2 
 .text.HAL_EXTI_IRQHandler
                0x0000000008001a68       0x48 ./Drivers/STM32F4xx_HAL_Driver/Src/stm32f4xx_hal_exti.o
                0x0000000008001a68                HAL_EXTI_IRQHandler
 .text.HAL_GPIO_Init
                0x0000000008001ab0      0x308 ./Drivers/STM32F4xx_HAL_Driver/Src/stm32f4xx_hal_gpio.o
                0x0000000008001ab0                HAL_GPIO_Init
 .text.HAL_GPIO_DeInit
                0x0000000008001db8      0x1c8 ./Drivers/STM32F4xx_HAL_Driver/Src/stm32f4xx_hal_gpio.o
                0x0000000008001db8                HAL_GPIO_DeInit
 .text.HAL_GPIO_ReadPin
                0x0000000008001f80       0x30 ./Drivers/STM32F4xx_HAL_Driver/Src/stm32f4xx_hal_gpio.o
                0x0000000008001f80                HAL_GPIO_ReadPin
 .text.HAL_GPIO_WritePin
                0x0000000008001fb0       0x32 ./Drivers/STM32F4xx_HAL_Driver/Src/stm32f4xx_hal_gpio.o
                0x0000000008001fb0                HAL_GPIO_WritePin
 .text.HAL_GPIO_TogglePin
                0x0000000008001fe2       0x34 ./Drivers/STM32F4xx_HAL_Driver/Src/stm32f4xx_hal_gpio.o
                0x0000000008001fe2                HAL_GPIO_TogglePin
 *fill*         0x0000000008002016        0x2 
 .text.HAL_GPIO_EXTI_IRQHandler
                0x0000000008002018       0x30 ./Drivers/STM32F4xx_HAL_Driver/Src/stm32f4xx_hal_gpio.o
                0x0000000008002018                HAL_GPIO_EXTI_IRQHandler
 .text.HAL_GPIO_EXTI_Callback
                0x0000000008002048       0x16 ./Drivers/STM32F4xx_HAL_Driver/Src/stm32f4xx_hal_gpio.o
                0x0000000008002048                HAL_GPIO_EXTI_Callback
 *fill*         0x000000000800205e        0x2 
 .text.HAL_RCC_OscConfig
                0x0000000008002060      0x4f0 ./Drivers/STM32F4xx_HAL_Driver/Src/stm32f4xx_hal_rcc.o
                0x0000000008002060                HAL_RCC_OscConfig
 .text.HAL_RCC_ClockConfig
                0x0000000008002550      0x1cc ./Drivers/STM32F4xx_HAL_Driver/Src/stm32f4xx_hal_rcc.o
                0x0000000008002550                HAL_RCC_ClockConfig
 .text.HAL_RCC_GetSysClockFreq
                0x000000000800271c      0x1c4 ./Drivers/STM32F4xx_HAL_Driver/Src/stm32f4xx_hal_rcc.o
                0x000000000800271c                HAL_RCC_GetSysClockFreq
 .text.HAL_RCC_GetHCLKFreq
                0x00000000080028e0       0x18 ./Drivers/STM32F4xx_HAL_Driver/Src/stm32f4xx_hal_rcc.o
                0x00000000080028e0                HAL_RCC_GetHCLKFreq
 .text.HAL_RCC_GetPCLK1Freq
                0x00000000080028f8       0x28 ./Drivers/STM32F4xx_HAL_Driver/Src/stm32f4xx_hal_rcc.o
                0x00000000080028f8                HAL_RCC_GetPCLK1Freq
 .text.HAL_RCC_GetPCLK2Freq
                0x0000000008002920       0x28 ./Drivers/STM32F4xx_HAL_Driver/Src/stm32f4xx_hal_rcc.o
                0x0000000008002920                HAL_RCC_GetPCLK2Freq
 .text.HAL_SPI_Init
                0x0000000008002948      0x112 ./Drivers/STM32F4xx_HAL_Driver/Src/stm32f4xx_hal_spi.o
                0x0000000008002948                HAL_SPI_Init
 .text.HAL_SPI_MspInit
                0x0000000008002a5a       0x14 ./Drivers/STM32F4xx_HAL_Driver/Src/stm32f4xx_hal_spi.o
                0x0000000008002a5a                HAL_SPI_MspInit
 .text.HAL_SPI_TransmitReceive
                0x0000000008002a6e      0x344 ./Drivers/STM32F4xx_HAL_Driver/Src/stm32f4xx_hal_spi.o
                0x0000000008002a6e                HAL_SPI_TransmitReceive
 .text.HAL_SPI_GetState
                0x0000000008002db2       0x1c ./Drivers/STM32F4xx_HAL_Driver/Src/stm32f4xx_hal_spi.o
                0x0000000008002db2                HAL_SPI_GetState
 *fill*         0x0000000008002dce        0x2 
 .text.SPI_WaitFlagStateUntilTimeout
                0x0000000008002dd0      0x110 ./Drivers/STM32F4xx_HAL_Driver/Src/stm32f4xx_hal_spi.o
 .text.SPI_EndRxTxTransaction
                0x0000000008002ee0       0x84 ./Drivers/STM32F4xx_HAL_Driver/Src/stm32f4xx_hal_spi.o
 .text.HAL_UART_Init
                0x0000000008002f64       0x9a ./Drivers/STM32F4xx_HAL_Driver/Src/stm32f4xx_hal_uart.o
                0x0000000008002f64                HAL_UART_Init
 *fill*         0x0000000008002ffe        0x2 
 .text.UART_SetConfig
                0x0000000008003000      0x390 ./Drivers/STM32F4xx_HAL_Driver/Src/stm32f4xx_hal_uart.o
 .text.hci_disconnection_complete_event_process
                0x0000000008003390       0x30 ./Middlewares/ST/BlueNRG-2/hci/bluenrg1_events.o
                0x0000000008003390                hci_disconnection_complete_event_process
 .text.hci_encryption_change_event_process
                0x00000000080033c0       0x30 ./Middlewares/ST/BlueNRG-2/hci/bluenrg1_events.o
                0x00000000080033c0                hci_encryption_change_event_process
 .text.hci_read_remote_version_information_complete_event_process
                0x00000000080033f0       0x3e ./Middlewares/ST/BlueNRG-2/hci/bluenrg1_events.o
                0x00000000080033f0                hci_read_remote_version_information_complete_event_process
 .text.hci_hardware_error_event_process
                0x000000000800342e       0x24 ./Middlewares/ST/BlueNRG-2/hci/bluenrg1_events.o
                0x000000000800342e                hci_hardware_error_event_process
 .text.hci_number_of_completed_packets_event_process
                0x0000000008003452       0xb2 ./Middlewares/ST/BlueNRG-2/hci/bluenrg1_events.o
                0x0000000008003452                hci_number_of_completed_packets_event_process
 .text.hci_data_buffer_overflow_event_process
                0x0000000008003504       0x24 ./Middlewares/ST/BlueNRG-2/hci/bluenrg1_events.o
                0x0000000008003504                hci_data_buffer_overflow_event_process
 .text.hci_encryption_key_refresh_complete_event_process
                0x0000000008003528       0x2e ./Middlewares/ST/BlueNRG-2/hci/bluenrg1_events.o
                0x0000000008003528                hci_encryption_key_refresh_complete_event_process
 .text.aci_blue_initialized_event_process
                0x0000000008003556       0x24 ./Middlewares/ST/BlueNRG-2/hci/bluenrg1_events.o
                0x0000000008003556                aci_blue_initialized_event_process
 .text.aci_blue_events_lost_event_process
                0x000000000800357a       0x22 ./Middlewares/ST/BlueNRG-2/hci/bluenrg1_events.o
                0x000000000800357a                aci_blue_events_lost_event_process
 .text.aci_blue_crash_info_event_process
                0x000000000800359c       0x84 ./Middlewares/ST/BlueNRG-2/hci/bluenrg1_events.o
                0x000000000800359c                aci_blue_crash_info_event_process
 .text.aci_hal_end_of_radio_activity_event_process
                0x0000000008003620       0x2e ./Middlewares/ST/BlueNRG-2/hci/bluenrg1_events.o
                0x0000000008003620                aci_hal_end_of_radio_activity_event_process
 .text.aci_hal_scan_req_report_event_process
                0x000000000800364e       0x2e ./Middlewares/ST/BlueNRG-2/hci/bluenrg1_events.o
                0x000000000800364e                aci_hal_scan_req_report_event_process
 .text.aci_hal_fw_error_event_process
                0x000000000800367c       0x2c ./Middlewares/ST/BlueNRG-2/hci/bluenrg1_events.o
                0x000000000800367c                aci_hal_fw_error_event_process
 .text.aci_gap_limited_discoverable_event_process
                0x00000000080036a8       0x1a ./Middlewares/ST/BlueNRG-2/hci/bluenrg1_events.o
                0x00000000080036a8                aci_gap_limited_discoverable_event_process
 .text.aci_gap_pairing_complete_event_process
                0x00000000080036c2       0x2e ./Middlewares/ST/BlueNRG-2/hci/bluenrg1_events.o
                0x00000000080036c2                aci_gap_pairing_complete_event_process
 .text.aci_gap_pass_key_req_event_process
                0x00000000080036f0       0x26 ./Middlewares/ST/BlueNRG-2/hci/bluenrg1_events.o
                0x00000000080036f0                aci_gap_pass_key_req_event_process
 .text.aci_gap_authorization_req_event_process
                0x0000000008003716       0x26 ./Middlewares/ST/BlueNRG-2/hci/bluenrg1_events.o
                0x0000000008003716                aci_gap_authorization_req_event_process
 .text.aci_gap_slave_security_initiated_event_process
                0x000000000800373c       0x1a ./Middlewares/ST/BlueNRG-2/hci/bluenrg1_events.o
                0x000000000800373c                aci_gap_slave_security_initiated_event_process
 .text.aci_gap_bond_lost_event_process
                0x0000000008003756       0x1a ./Middlewares/ST/BlueNRG-2/hci/bluenrg1_events.o
                0x0000000008003756                aci_gap_bond_lost_event_process
 .text.aci_gap_proc_complete_event_process
                0x0000000008003770       0x2e ./Middlewares/ST/BlueNRG-2/hci/bluenrg1_events.o
                0x0000000008003770                aci_gap_proc_complete_event_process
 .text.aci_gap_addr_not_resolved_event_process
                0x000000000800379e       0x26 ./Middlewares/ST/BlueNRG-2/hci/bluenrg1_events.o
                0x000000000800379e                aci_gap_addr_not_resolved_event_process
 .text.aci_gap_numeric_comparison_value_event_process
                0x00000000080037c4       0x2e ./Middlewares/ST/BlueNRG-2/hci/bluenrg1_events.o
                0x00000000080037c4                aci_gap_numeric_comparison_value_event_process
 .text.aci_gap_keypress_notification_event_process
                0x00000000080037f2       0x2c ./Middlewares/ST/BlueNRG-2/hci/bluenrg1_events.o
                0x00000000080037f2                aci_gap_keypress_notification_event_process
 .text.aci_l2cap_connection_update_resp_event_process
                0x000000000800381e       0x2e ./Middlewares/ST/BlueNRG-2/hci/bluenrg1_events.o
                0x000000000800381e                aci_l2cap_connection_update_resp_event_process
 .text.aci_l2cap_proc_timeout_event_process
                0x000000000800384c       0x2e ./Middlewares/ST/BlueNRG-2/hci/bluenrg1_events.o
                0x000000000800384c                aci_l2cap_proc_timeout_event_process
 .text.aci_l2cap_connection_update_req_event_process
                0x000000000800387a       0x5c ./Middlewares/ST/BlueNRG-2/hci/bluenrg1_events.o
                0x000000000800387a                aci_l2cap_connection_update_req_event_process
 .text.aci_l2cap_command_reject_event_process
                0x00000000080038d6       0x3c ./Middlewares/ST/BlueNRG-2/hci/bluenrg1_events.o
                0x00000000080038d6                aci_l2cap_command_reject_event_process
 .text.aci_gatt_attribute_modified_event_process
                0x0000000008003912       0x3e ./Middlewares/ST/BlueNRG-2/hci/bluenrg1_events.o
                0x0000000008003912                aci_gatt_attribute_modified_event_process
 .text.aci_gatt_proc_timeout_event_process
                0x0000000008003950       0x26 ./Middlewares/ST/BlueNRG-2/hci/bluenrg1_events.o
                0x0000000008003950                aci_gatt_proc_timeout_event_process
 .text.aci_att_exchange_mtu_resp_event_process
                0x0000000008003976       0x2e ./Middlewares/ST/BlueNRG-2/hci/bluenrg1_events.o
                0x0000000008003976                aci_att_exchange_mtu_resp_event_process
 .text.aci_att_find_info_resp_event_process
                0x00000000080039a4       0x30 ./Middlewares/ST/BlueNRG-2/hci/bluenrg1_events.o
                0x00000000080039a4                aci_att_find_info_resp_event_process
 .text.aci_att_find_by_type_value_resp_event_process
                0x00000000080039d4       0xb8 ./Middlewares/ST/BlueNRG-2/hci/bluenrg1_events.o
                0x00000000080039d4                aci_att_find_by_type_value_resp_event_process
 .text.aci_att_read_by_type_resp_event_process
                0x0000000008003a8c       0x30 ./Middlewares/ST/BlueNRG-2/hci/bluenrg1_events.o
                0x0000000008003a8c                aci_att_read_by_type_resp_event_process
 .text.aci_att_read_resp_event_process
                0x0000000008003abc       0x2e ./Middlewares/ST/BlueNRG-2/hci/bluenrg1_events.o
                0x0000000008003abc                aci_att_read_resp_event_process
 .text.aci_att_read_blob_resp_event_process
                0x0000000008003aea       0x2e ./Middlewares/ST/BlueNRG-2/hci/bluenrg1_events.o
                0x0000000008003aea                aci_att_read_blob_resp_event_process
 .text.aci_att_read_multiple_resp_event_process
                0x0000000008003b18       0x2e ./Middlewares/ST/BlueNRG-2/hci/bluenrg1_events.o
                0x0000000008003b18                aci_att_read_multiple_resp_event_process
 .text.aci_att_read_by_group_type_resp_event_process
                0x0000000008003b46       0x30 ./Middlewares/ST/BlueNRG-2/hci/bluenrg1_events.o
                0x0000000008003b46                aci_att_read_by_group_type_resp_event_process
 .text.aci_att_prepare_write_resp_event_process
                0x0000000008003b76       0x3c ./Middlewares/ST/BlueNRG-2/hci/bluenrg1_events.o
                0x0000000008003b76                aci_att_prepare_write_resp_event_process
 .text.aci_att_exec_write_resp_event_process
                0x0000000008003bb2       0x26 ./Middlewares/ST/BlueNRG-2/hci/bluenrg1_events.o
                0x0000000008003bb2                aci_att_exec_write_resp_event_process
 .text.aci_gatt_indication_event_process
                0x0000000008003bd8       0x32 ./Middlewares/ST/BlueNRG-2/hci/bluenrg1_events.o
                0x0000000008003bd8                aci_gatt_indication_event_process
 .text.aci_gatt_notification_event_process
                0x0000000008003c0a       0x32 ./Middlewares/ST/BlueNRG-2/hci/bluenrg1_events.o
                0x0000000008003c0a                aci_gatt_notification_event_process
 .text.aci_gatt_proc_complete_event_process
                0x0000000008003c3c       0x2c ./Middlewares/ST/BlueNRG-2/hci/bluenrg1_events.o
                0x0000000008003c3c                aci_gatt_proc_complete_event_process
 .text.aci_gatt_error_resp_event_process
                0x0000000008003c68       0x34 ./Middlewares/ST/BlueNRG-2/hci/bluenrg1_events.o
                0x0000000008003c68                aci_gatt_error_resp_event_process
 .text.aci_gatt_disc_read_char_by_uuid_resp_event_process
                0x0000000008003c9c       0x32 ./Middlewares/ST/BlueNRG-2/hci/bluenrg1_events.o
                0x0000000008003c9c                aci_gatt_disc_read_char_by_uuid_resp_event_process
 .text.aci_gatt_write_permit_req_event_process
                0x0000000008003cce       0x32 ./Middlewares/ST/BlueNRG-2/hci/bluenrg1_events.o
                0x0000000008003cce                aci_gatt_write_permit_req_event_process
 .text.aci_gatt_read_permit_req_event_process
                0x0000000008003d00       0x32 ./Middlewares/ST/BlueNRG-2/hci/bluenrg1_events.o
                0x0000000008003d00                aci_gatt_read_permit_req_event_process
 .text.aci_gatt_read_multi_permit_req_event_process
                0x0000000008003d32       0x8c ./Middlewares/ST/BlueNRG-2/hci/bluenrg1_events.o
                0x0000000008003d32                aci_gatt_read_multi_permit_req_event_process
 .text.aci_gatt_tx_pool_available_event_process
                0x0000000008003dbe       0x2e ./Middlewares/ST/BlueNRG-2/hci/bluenrg1_events.o
                0x0000000008003dbe                aci_gatt_tx_pool_available_event_process
 .text.aci_gatt_server_confirmation_event_process
                0x0000000008003dec       0x26 ./Middlewares/ST/BlueNRG-2/hci/bluenrg1_events.o
                0x0000000008003dec                aci_gatt_server_confirmation_event_process
 .text.aci_gatt_prepare_write_permit_req_event_process
                0x0000000008003e12       0x3c ./Middlewares/ST/BlueNRG-2/hci/bluenrg1_events.o
                0x0000000008003e12                aci_gatt_prepare_write_permit_req_event_process
 .text.hci_le_connection_complete_event_process
                0x0000000008003e4e       0x68 ./Middlewares/ST/BlueNRG-2/hci/bluenrg1_events.o
                0x0000000008003e4e                hci_le_connection_complete_event_process
 .text.hci_le_advertising_report_event_process
                0x0000000008003eb6      0x1c4 ./Middlewares/ST/BlueNRG-2/hci/bluenrg1_events.o
                0x0000000008003eb6                hci_le_advertising_report_event_process
 .text.hci_le_connection_update_complete_event_process
                0x000000000800407a       0x46 ./Middlewares/ST/BlueNRG-2/hci/bluenrg1_events.o
                0x000000000800407a                hci_le_connection_update_complete_event_process
 .text.hci_le_read_remote_used_features_complete_event_process
                0x00000000080040c0       0x30 ./Middlewares/ST/BlueNRG-2/hci/bluenrg1_events.o
                0x00000000080040c0                hci_le_read_remote_used_features_complete_event_process
 .text.hci_le_long_term_key_request_event_process
                0x00000000080040f0       0x30 ./Middlewares/ST/BlueNRG-2/hci/bluenrg1_events.o
                0x00000000080040f0                hci_le_long_term_key_request_event_process
 .text.hci_le_data_length_change_event_process
                0x0000000008004120       0x40 ./Middlewares/ST/BlueNRG-2/hci/bluenrg1_events.o
                0x0000000008004120                hci_le_data_length_change_event_process
 .text.hci_le_read_local_p256_public_key_complete_event_process
                0x0000000008004160       0x2a ./Middlewares/ST/BlueNRG-2/hci/bluenrg1_events.o
                0x0000000008004160                hci_le_read_local_p256_public_key_complete_event_process
 .text.hci_le_generate_dhkey_complete_event_process
                0x000000000800418a       0x2a ./Middlewares/ST/BlueNRG-2/hci/bluenrg1_events.o
                0x000000000800418a                hci_le_generate_dhkey_complete_event_process
 .text.hci_le_enhanced_connection_complete_event_process
                0x00000000080041b4       0x7c ./Middlewares/ST/BlueNRG-2/hci/bluenrg1_events.o
                0x00000000080041b4                hci_le_enhanced_connection_complete_event_process
 .text.hci_le_direct_advertising_report_event_process
                0x0000000008004230      0x166 ./Middlewares/ST/BlueNRG-2/hci/bluenrg1_events.o
                0x0000000008004230                hci_le_direct_advertising_report_event_process
 .text.hci_disconnection_complete_event
                0x0000000008004396       0x1e ./Middlewares/ST/BlueNRG-2/hci/bluenrg1_events_cb.o
                0x0000000008004396                hci_disconnection_complete_event
 .text.hci_encryption_change_event
                0x00000000080043b4       0x1e ./Middlewares/ST/BlueNRG-2/hci/bluenrg1_events_cb.o
                0x00000000080043b4                hci_encryption_change_event
 .text.hci_read_remote_version_information_complete_event
                0x00000000080043d2       0x28 ./Middlewares/ST/BlueNRG-2/hci/bluenrg1_events_cb.o
                0x00000000080043d2                hci_read_remote_version_information_complete_event
 .text.hci_hardware_error_event
                0x00000000080043fa       0x16 ./Middlewares/ST/BlueNRG-2/hci/bluenrg1_events_cb.o
                0x00000000080043fa                hci_hardware_error_event
 .text.hci_number_of_completed_packets_event
                0x0000000008004410       0x18 ./Middlewares/ST/BlueNRG-2/hci/bluenrg1_events_cb.o
                0x0000000008004410                hci_number_of_completed_packets_event
 .text.hci_data_buffer_overflow_event
                0x0000000008004428       0x16 ./Middlewares/ST/BlueNRG-2/hci/bluenrg1_events_cb.o
                0x0000000008004428                hci_data_buffer_overflow_event
 .text.hci_encryption_key_refresh_complete_event
                0x000000000800443e       0x1c ./Middlewares/ST/BlueNRG-2/hci/bluenrg1_events_cb.o
                0x000000000800443e                hci_encryption_key_refresh_complete_event
 .text.hci_le_advertising_report_event
                0x000000000800445a       0x18 ./Middlewares/ST/BlueNRG-2/hci/bluenrg1_events_cb.o
                0x000000000800445a                hci_le_advertising_report_event
 .text.hci_le_connection_update_complete_event
                0x0000000008004472       0x28 ./Middlewares/ST/BlueNRG-2/hci/bluenrg1_events_cb.o
                0x0000000008004472                hci_le_connection_update_complete_event
 .text.hci_le_read_remote_used_features_complete_event
                0x000000000800449a       0x1c ./Middlewares/ST/BlueNRG-2/hci/bluenrg1_events_cb.o
                0x000000000800449a                hci_le_read_remote_used_features_complete_event
 .text.hci_le_long_term_key_request_event
                0x00000000080044b6       0x1c ./Middlewares/ST/BlueNRG-2/hci/bluenrg1_events_cb.o
                0x00000000080044b6                hci_le_long_term_key_request_event
 .text.hci_le_data_length_change_event
                0x00000000080044d2       0x28 ./Middlewares/ST/BlueNRG-2/hci/bluenrg1_events_cb.o
                0x00000000080044d2                hci_le_data_length_change_event
 .text.hci_le_read_local_p256_public_key_complete_event
                0x00000000080044fa       0x18 ./Middlewares/ST/BlueNRG-2/hci/bluenrg1_events_cb.o
                0x00000000080044fa                hci_le_read_local_p256_public_key_complete_event
 .text.hci_le_generate_dhkey_complete_event
                0x0000000008004512       0x18 ./Middlewares/ST/BlueNRG-2/hci/bluenrg1_events_cb.o
                0x0000000008004512                hci_le_generate_dhkey_complete_event
 .text.hci_le_enhanced_connection_complete_event
                0x000000000800452a       0x28 ./Middlewares/ST/BlueNRG-2/hci/bluenrg1_events_cb.o
                0x000000000800452a                hci_le_enhanced_connection_complete_event
 .text.hci_le_direct_advertising_report_event
                0x0000000008004552       0x18 ./Middlewares/ST/BlueNRG-2/hci/bluenrg1_events_cb.o
                0x0000000008004552                hci_le_direct_advertising_report_event
 .text.aci_gap_limited_discoverable_event
                0x000000000800456a        0xe ./Middlewares/ST/BlueNRG-2/hci/bluenrg1_events_cb.o
                0x000000000800456a                aci_gap_limited_discoverable_event
 .text.aci_gap_pairing_complete_event
                0x0000000008004578       0x1e ./Middlewares/ST/BlueNRG-2/hci/bluenrg1_events_cb.o
                0x0000000008004578                aci_gap_pairing_complete_event
 .text.aci_gap_pass_key_req_event
                0x0000000008004596       0x16 ./Middlewares/ST/BlueNRG-2/hci/bluenrg1_events_cb.o
                0x0000000008004596                aci_gap_pass_key_req_event
 .text.aci_gap_authorization_req_event
                0x00000000080045ac       0x16 ./Middlewares/ST/BlueNRG-2/hci/bluenrg1_events_cb.o
                0x00000000080045ac                aci_gap_authorization_req_event
 .text.aci_gap_slave_security_initiated_event
                0x00000000080045c2        0xe ./Middlewares/ST/BlueNRG-2/hci/bluenrg1_events_cb.o
                0x00000000080045c2                aci_gap_slave_security_initiated_event
 .text.aci_gap_bond_lost_event
                0x00000000080045d0        0xe ./Middlewares/ST/BlueNRG-2/hci/bluenrg1_events_cb.o
                0x00000000080045d0                aci_gap_bond_lost_event
 .text.aci_gap_proc_complete_event
                0x00000000080045de       0x20 ./Middlewares/ST/BlueNRG-2/hci/bluenrg1_events_cb.o
                0x00000000080045de                aci_gap_proc_complete_event
 .text.aci_gap_addr_not_resolved_event
                0x00000000080045fe       0x16 ./Middlewares/ST/BlueNRG-2/hci/bluenrg1_events_cb.o
                0x00000000080045fe                aci_gap_addr_not_resolved_event
 .text.aci_gap_numeric_comparison_value_event
                0x0000000008004614       0x18 ./Middlewares/ST/BlueNRG-2/hci/bluenrg1_events_cb.o
                0x0000000008004614                aci_gap_numeric_comparison_value_event
 .text.aci_gap_keypress_notification_event
                0x000000000800462c       0x1c ./Middlewares/ST/BlueNRG-2/hci/bluenrg1_events_cb.o
                0x000000000800462c                aci_gap_keypress_notification_event
 .text.aci_gatt_proc_timeout_event
                0x0000000008004648       0x16 ./Middlewares/ST/BlueNRG-2/hci/bluenrg1_events_cb.o
                0x0000000008004648                aci_gatt_proc_timeout_event
 .text.aci_att_exchange_mtu_resp_event
                0x000000000800465e       0x1c ./Middlewares/ST/BlueNRG-2/hci/bluenrg1_events_cb.o
                0x000000000800465e                aci_att_exchange_mtu_resp_event
 .text.aci_att_find_info_resp_event
                0x000000000800467a       0x20 ./Middlewares/ST/BlueNRG-2/hci/bluenrg1_events_cb.o
                0x000000000800467a                aci_att_find_info_resp_event
 .text.aci_att_find_by_type_value_resp_event
                0x000000000800469a       0x1c ./Middlewares/ST/BlueNRG-2/hci/bluenrg1_events_cb.o
                0x000000000800469a                aci_att_find_by_type_value_resp_event
 .text.aci_att_read_by_type_resp_event
                0x00000000080046b6       0x20 ./Middlewares/ST/BlueNRG-2/hci/bluenrg1_events_cb.o
                0x00000000080046b6                aci_att_read_by_type_resp_event
 .text.aci_att_read_resp_event
                0x00000000080046d6       0x1c ./Middlewares/ST/BlueNRG-2/hci/bluenrg1_events_cb.o
                0x00000000080046d6                aci_att_read_resp_event
 .text.aci_att_read_blob_resp_event
                0x00000000080046f2       0x1c ./Middlewares/ST/BlueNRG-2/hci/bluenrg1_events_cb.o
                0x00000000080046f2                aci_att_read_blob_resp_event
 .text.aci_att_read_multiple_resp_event
                0x000000000800470e       0x1c ./Middlewares/ST/BlueNRG-2/hci/bluenrg1_events_cb.o
                0x000000000800470e                aci_att_read_multiple_resp_event
 .text.aci_att_read_by_group_type_resp_event
                0x000000000800472a       0x20 ./Middlewares/ST/BlueNRG-2/hci/bluenrg1_events_cb.o
                0x000000000800472a                aci_att_read_by_group_type_resp_event
 .text.aci_att_prepare_write_resp_event
                0x000000000800474a       0x28 ./Middlewares/ST/BlueNRG-2/hci/bluenrg1_events_cb.o
                0x000000000800474a                aci_att_prepare_write_resp_event
 .text.aci_att_exec_write_resp_event
                0x0000000008004772       0x16 ./Middlewares/ST/BlueNRG-2/hci/bluenrg1_events_cb.o
                0x0000000008004772                aci_att_exec_write_resp_event
 .text.aci_gatt_indication_event
                0x0000000008004788       0x20 ./Middlewares/ST/BlueNRG-2/hci/bluenrg1_events_cb.o
                0x0000000008004788                aci_gatt_indication_event
 .text.aci_gatt_proc_complete_event
                0x00000000080047a8       0x1c ./Middlewares/ST/BlueNRG-2/hci/bluenrg1_events_cb.o
                0x00000000080047a8                aci_gatt_proc_complete_event
 .text.aci_gatt_error_resp_event
                0x00000000080047c4       0x28 ./Middlewares/ST/BlueNRG-2/hci/bluenrg1_events_cb.o
                0x00000000080047c4                aci_gatt_error_resp_event
 .text.aci_gatt_disc_read_char_by_uuid_resp_event
                0x00000000080047ec       0x20 ./Middlewares/ST/BlueNRG-2/hci/bluenrg1_events_cb.o
                0x00000000080047ec                aci_gatt_disc_read_char_by_uuid_resp_event
 .text.aci_gatt_write_permit_req_event
                0x000000000800480c       0x20 ./Middlewares/ST/BlueNRG-2/hci/bluenrg1_events_cb.o
                0x000000000800480c                aci_gatt_write_permit_req_event
 .text.aci_gatt_read_permit_req_event
                0x000000000800482c       0x1e ./Middlewares/ST/BlueNRG-2/hci/bluenrg1_events_cb.o
                0x000000000800482c                aci_gatt_read_permit_req_event
 .text.aci_gatt_read_multi_permit_req_event
                0x000000000800484a       0x1c ./Middlewares/ST/BlueNRG-2/hci/bluenrg1_events_cb.o
                0x000000000800484a                aci_gatt_read_multi_permit_req_event
 .text.aci_gatt_tx_pool_available_event
                0x0000000008004866       0x1c ./Middlewares/ST/BlueNRG-2/hci/bluenrg1_events_cb.o
                0x0000000008004866                aci_gatt_tx_pool_available_event
 .text.aci_gatt_server_confirmation_event
                0x0000000008004882       0x16 ./Middlewares/ST/BlueNRG-2/hci/bluenrg1_events_cb.o
                0x0000000008004882                aci_gatt_server_confirmation_event
 .text.aci_gatt_prepare_write_permit_req_event
                0x0000000008004898       0x28 ./Middlewares/ST/BlueNRG-2/hci/bluenrg1_events_cb.o
                0x0000000008004898                aci_gatt_prepare_write_permit_req_event
 .text.aci_l2cap_connection_update_resp_event
                0x00000000080048c0       0x1c ./Middlewares/ST/BlueNRG-2/hci/bluenrg1_events_cb.o
                0x00000000080048c0                aci_l2cap_connection_update_resp_event
 .text.aci_l2cap_proc_timeout_event
                0x00000000080048dc       0x1c ./Middlewares/ST/BlueNRG-2/hci/bluenrg1_events_cb.o
                0x00000000080048dc                aci_l2cap_proc_timeout_event
 .text.aci_l2cap_connection_update_req_event
                0x00000000080048f8       0x28 ./Middlewares/ST/BlueNRG-2/hci/bluenrg1_events_cb.o
                0x00000000080048f8                aci_l2cap_connection_update_req_event
 .text.aci_l2cap_command_reject_event
                0x0000000008004920       0x28 ./Middlewares/ST/BlueNRG-2/hci/bluenrg1_events_cb.o
                0x0000000008004920                aci_l2cap_command_reject_event
 .text.aci_blue_initialized_event
                0x0000000008004948       0x16 ./Middlewares/ST/BlueNRG-2/hci/bluenrg1_events_cb.o
                0x0000000008004948                aci_blue_initialized_event
 .text.aci_blue_events_lost_event
                0x000000000800495e       0x14 ./Middlewares/ST/BlueNRG-2/hci/bluenrg1_events_cb.o
                0x000000000800495e                aci_blue_events_lost_event
 .text.aci_blue_crash_info_event
                0x0000000008004972       0x1c ./Middlewares/ST/BlueNRG-2/hci/bluenrg1_events_cb.o
                0x0000000008004972                aci_blue_crash_info_event
 .text.aci_hal_end_of_radio_activity_event
                0x000000000800498e       0x1c ./Middlewares/ST/BlueNRG-2/hci/bluenrg1_events_cb.o
                0x000000000800498e                aci_hal_end_of_radio_activity_event
 .text.aci_hal_scan_req_report_event
                0x00000000080049aa       0x1c ./Middlewares/ST/BlueNRG-2/hci/bluenrg1_events_cb.o
                0x00000000080049aa                aci_hal_scan_req_report_event
 .text.aci_hal_fw_error_event
                0x00000000080049c6       0x1c ./Middlewares/ST/BlueNRG-2/hci/bluenrg1_events_cb.o
                0x00000000080049c6                aci_hal_fw_error_event
 .text.hci_reset
                0x00000000080049e2       0x52 ./Middlewares/ST/BlueNRG-2/hci/bluenrg1_hci_le.o
                0x00000000080049e2                hci_reset
 .text.aci_gap_set_discoverable
                0x0000000008004a34      0x1ca ./Middlewares/ST/BlueNRG-2/hci/controller/bluenrg1_gap_aci.o
                0x0000000008004a34                aci_gap_set_discoverable
 .text.aci_gap_init
                0x0000000008004bfe      0x116 ./Middlewares/ST/BlueNRG-2/hci/controller/bluenrg1_gap_aci.o
                0x0000000008004bfe                aci_gap_init
 .text.aci_gatt_init
                0x0000000008004d14       0x54 ./Middlewares/ST/BlueNRG-2/hci/controller/bluenrg1_gatt_aci.o
                0x0000000008004d14                aci_gatt_init
 .text.aci_gatt_add_service
                0x0000000008004d68      0x15e ./Middlewares/ST/BlueNRG-2/hci/controller/bluenrg1_gatt_aci.o
                0x0000000008004d68                aci_gatt_add_service
 .text.aci_gatt_add_char
                0x0000000008004ec6      0x1d4 ./Middlewares/ST/BlueNRG-2/hci/controller/bluenrg1_gatt_aci.o
                0x0000000008004ec6                aci_gatt_add_char
 .text.aci_gatt_update_char_value
                0x000000000800509a      0x11c ./Middlewares/ST/BlueNRG-2/hci/controller/bluenrg1_gatt_aci.o
                0x000000000800509a                aci_gatt_update_char_value
 .text.aci_hal_write_config_data
                0x00000000080051b6       0xe0 ./Middlewares/ST/BlueNRG-2/hci/controller/bluenrg1_hal_aci.o
                0x00000000080051b6                aci_hal_write_config_data
 .text.verify_packet
                0x0000000008005296       0x40 ./Middlewares/ST/BlueNRG-2/hci/hci_tl_patterns/Basic/hci_tl.o
 *fill*         0x00000000080052d6        0x2 
 .text.send_cmd
                0x00000000080052d8       0x80 ./Middlewares/ST/BlueNRG-2/hci/hci_tl_patterns/Basic/hci_tl.o
 .text.move_list
                0x0000000008005358       0x38 ./Middlewares/ST/BlueNRG-2/hci/hci_tl_patterns/Basic/hci_tl.o
 .text.free_event_list
                0x0000000008005390       0x3c ./Middlewares/ST/BlueNRG-2/hci/hci_tl_patterns/Basic/hci_tl.o
 .text.hci_init
                0x00000000080053cc       0x84 ./Middlewares/ST/BlueNRG-2/hci/hci_tl_patterns/Basic/hci_tl.o
                0x00000000080053cc                hci_init
 .text.hci_register_io_bus
                0x0000000008005450       0x40 ./Middlewares/ST/BlueNRG-2/hci/hci_tl_patterns/Basic/hci_tl.o
                0x0000000008005450                hci_register_io_bus
 .text.hci_send_req
                0x0000000008005490      0x234 ./Middlewares/ST/BlueNRG-2/hci/hci_tl_patterns/Basic/hci_tl.o
                0x0000000008005490                hci_send_req
 .text.hci_user_evt_proc
                0x00000000080056c4       0x58 ./Middlewares/ST/BlueNRG-2/hci/hci_tl_patterns/Basic/hci_tl.o
                0x00000000080056c4                hci_user_evt_proc
 .text.hci_notify_asynch_evt
                0x000000000800571c       0x9c ./Middlewares/ST/BlueNRG-2/hci/hci_tl_patterns/Basic/hci_tl.o
                0x000000000800571c                hci_notify_asynch_evt
 .text.list_init_head
                0x00000000080057b8       0x20 ./Middlewares/ST/BlueNRG-2/utils/ble_list.o
                0x00000000080057b8                list_init_head
 .text.list_is_empty
                0x00000000080057d8       0x44 ./Middlewares/ST/BlueNRG-2/utils/ble_list.o
                0x00000000080057d8                list_is_empty
 .text.list_insert_head
                0x000000000800581c       0x4c ./Middlewares/ST/BlueNRG-2/utils/ble_list.o
                0x000000000800581c                list_insert_head
 .text.list_insert_tail
                0x0000000008005868       0x4c ./Middlewares/ST/BlueNRG-2/utils/ble_list.o
                0x0000000008005868                list_insert_tail
 .text.list_remove_node
                0x00000000080058b4       0x42 ./Middlewares/ST/BlueNRG-2/utils/ble_list.o
                0x00000000080058b4                list_remove_node
 .text.list_remove_head
                0x00000000080058f6       0x4e ./Middlewares/ST/BlueNRG-2/utils/ble_list.o
                0x00000000080058f6                list_remove_head
 .text.list_remove_tail
                0x0000000008005944       0x4e ./Middlewares/ST/BlueNRG-2/utils/ble_list.o
                0x0000000008005944                list_remove_tail
 .text.list_get_size
                0x0000000008005992       0x50 ./Middlewares/ST/BlueNRG-2/utils/ble_list.o
                0x0000000008005992                list_get_size
 *fill*         0x00000000080059e2        0x2 
 .text.__errno  0x00000000080059e4        0xc /Applications/STM32CubeIDE.app/Contents/Eclipse/plugins/com.st.stm32cube.ide.mcu.externaltools.gnu-tools-for-stm32.9-2020-q2-update.macos64_2.0.0.202105311346/tools/bin/../lib/gcc/arm-none-eabi/9.3.1/../../../../arm-none-eabi/lib/thumb/v7e-m+fp/hard/libc_nano.a(lib_a-errno.o)
                0x00000000080059e4                __errno
 .text.__libc_init_array
                0x00000000080059f0       0x48 /Applications/STM32CubeIDE.app/Contents/Eclipse/plugins/com.st.stm32cube.ide.mcu.externaltools.gnu-tools-for-stm32.9-2020-q2-update.macos64_2.0.0.202105311346/tools/bin/../lib/gcc/arm-none-eabi/9.3.1/../../../../arm-none-eabi/lib/thumb/v7e-m+fp/hard/libc_nano.a(lib_a-init.o)
                0x00000000080059f0                __libc_init_array
 .text.memcpy   0x0000000008005a38       0x1c /Applications/STM32CubeIDE.app/Contents/Eclipse/plugins/com.st.stm32cube.ide.mcu.externaltools.gnu-tools-for-stm32.9-2020-q2-update.macos64_2.0.0.202105311346/tools/bin/../lib/gcc/arm-none-eabi/9.3.1/../../../../arm-none-eabi/lib/thumb/v7e-m+fp/hard/libc_nano.a(lib_a-memcpy-stub.o)
                0x0000000008005a38                memcpy
 .text.memset   0x0000000008005a54       0x10 /Applications/STM32CubeIDE.app/Contents/Eclipse/plugins/com.st.stm32cube.ide.mcu.externaltools.gnu-tools-for-stm32.9-2020-q2-update.macos64_2.0.0.202105311346/tools/bin/../lib/gcc/arm-none-eabi/9.3.1/../../../../arm-none-eabi/lib/thumb/v7e-m+fp/hard/libc_nano.a(lib_a-memset.o)
                0x0000000008005a54                memset
 .text.printf   0x0000000008005a64       0x30 /Applications/STM32CubeIDE.app/Contents/Eclipse/plugins/com.st.stm32cube.ide.mcu.externaltools.gnu-tools-for-stm32.9-2020-q2-update.macos64_2.0.0.202105311346/tools/bin/../lib/gcc/arm-none-eabi/9.3.1/../../../../arm-none-eabi/lib/thumb/v7e-m+fp/hard/libc_nano.a(lib_a-printf.o)
                0x0000000008005a64                printf
                0x0000000008005a64                iprintf
 .text._puts_r  0x0000000008005a94       0xdc /Applications/STM32CubeIDE.app/Contents/Eclipse/plugins/com.st.stm32cube.ide.mcu.externaltools.gnu-tools-for-stm32.9-2020-q2-update.macos64_2.0.0.202105311346/tools/bin/../lib/gcc/arm-none-eabi/9.3.1/../../../../arm-none-eabi/lib/thumb/v7e-m+fp/hard/libc_nano.a(lib_a-puts.o)
                0x0000000008005a94                _puts_r
 .text.puts     0x0000000008005b70       0x10 /Applications/STM32CubeIDE.app/Contents/Eclipse/plugins/com.st.stm32cube.ide.mcu.externaltools.gnu-tools-for-stm32.9-2020-q2-update.macos64_2.0.0.202105311346/tools/bin/../lib/gcc/arm-none-eabi/9.3.1/../../../../arm-none-eabi/lib/thumb/v7e-m+fp/hard/libc_nano.a(lib_a-puts.o)
                0x0000000008005b70                puts
 .text.__swbuf_r
                0x0000000008005b80       0xa4 /Applications/STM32CubeIDE.app/Contents/Eclipse/plugins/com.st.stm32cube.ide.mcu.externaltools.gnu-tools-for-stm32.9-2020-q2-update.macos64_2.0.0.202105311346/tools/bin/../lib/gcc/arm-none-eabi/9.3.1/../../../../arm-none-eabi/lib/thumb/v7e-m+fp/hard/libc_nano.a(lib_a-wbuf.o)
                0x0000000008005b80                __swbuf_r
 .text.__swsetup_r
                0x0000000008005c24       0xdc /Applications/STM32CubeIDE.app/Contents/Eclipse/plugins/com.st.stm32cube.ide.mcu.externaltools.gnu-tools-for-stm32.9-2020-q2-update.macos64_2.0.0.202105311346/tools/bin/../lib/gcc/arm-none-eabi/9.3.1/../../../../arm-none-eabi/lib/thumb/v7e-m+fp/hard/libc_nano.a(lib_a-wsetup.o)
                0x0000000008005c24                __swsetup_r
 .text.__sflush_r
                0x0000000008005d00      0x10c /Applications/STM32CubeIDE.app/Contents/Eclipse/plugins/com.st.stm32cube.ide.mcu.externaltools.gnu-tools-for-stm32.9-2020-q2-update.macos64_2.0.0.202105311346/tools/bin/../lib/gcc/arm-none-eabi/9.3.1/../../../../arm-none-eabi/lib/thumb/v7e-m+fp/hard/libc_nano.a(lib_a-fflush.o)
                0x0000000008005d00                __sflush_r
 .text._fflush_r
                0x0000000008005e0c       0x78 /Applications/STM32CubeIDE.app/Contents/Eclipse/plugins/com.st.stm32cube.ide.mcu.externaltools.gnu-tools-for-stm32.9-2020-q2-update.macos64_2.0.0.202105311346/tools/bin/../lib/gcc/arm-none-eabi/9.3.1/../../../../arm-none-eabi/lib/thumb/v7e-m+fp/hard/libc_nano.a(lib_a-fflush.o)
                0x0000000008005e0c                _fflush_r
 .text.std      0x0000000008005e84       0x48 /Applications/STM32CubeIDE.app/Contents/Eclipse/plugins/com.st.stm32cube.ide.mcu.externaltools.gnu-tools-for-stm32.9-2020-q2-update.macos64_2.0.0.202105311346/tools/bin/../lib/gcc/arm-none-eabi/9.3.1/../../../../arm-none-eabi/lib/thumb/v7e-m+fp/hard/libc_nano.a(lib_a-findfp.o)
 .text._cleanup_r
                0x0000000008005ecc        0xc /Applications/STM32CubeIDE.app/Contents/Eclipse/plugins/com.st.stm32cube.ide.mcu.externaltools.gnu-tools-for-stm32.9-2020-q2-update.macos64_2.0.0.202105311346/tools/bin/../lib/gcc/arm-none-eabi/9.3.1/../../../../arm-none-eabi/lib/thumb/v7e-m+fp/hard/libc_nano.a(lib_a-findfp.o)
                0x0000000008005ecc                _cleanup_r
 .text.__sfmoreglue
                0x0000000008005ed8       0x2c /Applications/STM32CubeIDE.app/Contents/Eclipse/plugins/com.st.stm32cube.ide.mcu.externaltools.gnu-tools-for-stm32.9-2020-q2-update.macos64_2.0.0.202105311346/tools/bin/../lib/gcc/arm-none-eabi/9.3.1/../../../../arm-none-eabi/lib/thumb/v7e-m+fp/hard/libc_nano.a(lib_a-findfp.o)
                0x0000000008005ed8                __sfmoreglue
 .text.__sfp_lock_acquire
                0x0000000008005f04        0xc /Applications/STM32CubeIDE.app/Contents/Eclipse/plugins/com.st.stm32cube.ide.mcu.externaltools.gnu-tools-for-stm32.9-2020-q2-update.macos64_2.0.0.202105311346/tools/bin/../lib/gcc/arm-none-eabi/9.3.1/../../../../arm-none-eabi/lib/thumb/v7e-m+fp/hard/libc_nano.a(lib_a-findfp.o)
                0x0000000008005f04                __sfp_lock_acquire
 .text.__sfp_lock_release
                0x0000000008005f10        0xc /Applications/STM32CubeIDE.app/Contents/Eclipse/plugins/com.st.stm32cube.ide.mcu.externaltools.gnu-tools-for-stm32.9-2020-q2-update.macos64_2.0.0.202105311346/tools/bin/../lib/gcc/arm-none-eabi/9.3.1/../../../../arm-none-eabi/lib/thumb/v7e-m+fp/hard/libc_nano.a(lib_a-findfp.o)
                0x0000000008005f10                __sfp_lock_release
 .text.__sinit_lock_acquire
                0x0000000008005f1c        0xc /Applications/STM32CubeIDE.app/Contents/Eclipse/plugins/com.st.stm32cube.ide.mcu.externaltools.gnu-tools-for-stm32.9-2020-q2-update.macos64_2.0.0.202105311346/tools/bin/../lib/gcc/arm-none-eabi/9.3.1/../../../../arm-none-eabi/lib/thumb/v7e-m+fp/hard/libc_nano.a(lib_a-findfp.o)
                0x0000000008005f1c                __sinit_lock_acquire
 .text.__sinit_lock_release
                0x0000000008005f28        0xc /Applications/STM32CubeIDE.app/Contents/Eclipse/plugins/com.st.stm32cube.ide.mcu.externaltools.gnu-tools-for-stm32.9-2020-q2-update.macos64_2.0.0.202105311346/tools/bin/../lib/gcc/arm-none-eabi/9.3.1/../../../../arm-none-eabi/lib/thumb/v7e-m+fp/hard/libc_nano.a(lib_a-findfp.o)
                0x0000000008005f28                __sinit_lock_release
 .text.__sinit  0x0000000008005f34       0x70 /Applications/STM32CubeIDE.app/Contents/Eclipse/plugins/com.st.stm32cube.ide.mcu.externaltools.gnu-tools-for-stm32.9-2020-q2-update.macos64_2.0.0.202105311346/tools/bin/../lib/gcc/arm-none-eabi/9.3.1/../../../../arm-none-eabi/lib/thumb/v7e-m+fp/hard/libc_nano.a(lib_a-findfp.o)
                0x0000000008005f34                __sinit
 .text.__sfp    0x0000000008005fa4       0x8c /Applications/STM32CubeIDE.app/Contents/Eclipse/plugins/com.st.stm32cube.ide.mcu.externaltools.gnu-tools-for-stm32.9-2020-q2-update.macos64_2.0.0.202105311346/tools/bin/../lib/gcc/arm-none-eabi/9.3.1/../../../../arm-none-eabi/lib/thumb/v7e-m+fp/hard/libc_nano.a(lib_a-findfp.o)
                0x0000000008005fa4                __sfp
 .text._fwalk_reent
                0x0000000008006030       0x3e /Applications/STM32CubeIDE.app/Contents/Eclipse/plugins/com.st.stm32cube.ide.mcu.externaltools.gnu-tools-for-stm32.9-2020-q2-update.macos64_2.0.0.202105311346/tools/bin/../lib/gcc/arm-none-eabi/9.3.1/../../../../arm-none-eabi/lib/thumb/v7e-m+fp/hard/libc_nano.a(lib_a-fwalk.o)
                0x0000000008006030                _fwalk_reent
 .text.__retarget_lock_init_recursive
                0x000000000800606e        0x2 /Applications/STM32CubeIDE.app/Contents/Eclipse/plugins/com.st.stm32cube.ide.mcu.externaltools.gnu-tools-for-stm32.9-2020-q2-update.macos64_2.0.0.202105311346/tools/bin/../lib/gcc/arm-none-eabi/9.3.1/../../../../arm-none-eabi/lib/thumb/v7e-m+fp/hard/libc_nano.a(lib_a-lock.o)
                0x000000000800606e                __retarget_lock_init_recursive
 .text.__retarget_lock_acquire_recursive
                0x0000000008006070        0x2 /Applications/STM32CubeIDE.app/Contents/Eclipse/plugins/com.st.stm32cube.ide.mcu.externaltools.gnu-tools-for-stm32.9-2020-q2-update.macos64_2.0.0.202105311346/tools/bin/../lib/gcc/arm-none-eabi/9.3.1/../../../../arm-none-eabi/lib/thumb/v7e-m+fp/hard/libc_nano.a(lib_a-lock.o)
                0x0000000008006070                __retarget_lock_acquire_recursive
 .text.__retarget_lock_release_recursive
                0x0000000008006072        0x2 /Applications/STM32CubeIDE.app/Contents/Eclipse/plugins/com.st.stm32cube.ide.mcu.externaltools.gnu-tools-for-stm32.9-2020-q2-update.macos64_2.0.0.202105311346/tools/bin/../lib/gcc/arm-none-eabi/9.3.1/../../../../arm-none-eabi/lib/thumb/v7e-m+fp/hard/libc_nano.a(lib_a-lock.o)
                0x0000000008006072                __retarget_lock_release_recursive
 .text.__swhatbuf_r
                0x0000000008006074       0x48 /Applications/STM32CubeIDE.app/Contents/Eclipse/plugins/com.st.stm32cube.ide.mcu.externaltools.gnu-tools-for-stm32.9-2020-q2-update.macos64_2.0.0.202105311346/tools/bin/../lib/gcc/arm-none-eabi/9.3.1/../../../../arm-none-eabi/lib/thumb/v7e-m+fp/hard/libc_nano.a(lib_a-makebuf.o)
                0x0000000008006074                __swhatbuf_r
 .text.__smakebuf_r
                0x00000000080060bc       0x80 /Applications/STM32CubeIDE.app/Contents/Eclipse/plugins/com.st.stm32cube.ide.mcu.externaltools.gnu-tools-for-stm32.9-2020-q2-update.macos64_2.0.0.202105311346/tools/bin/../lib/gcc/arm-none-eabi/9.3.1/../../../../arm-none-eabi/lib/thumb/v7e-m+fp/hard/libc_nano.a(lib_a-makebuf.o)
                0x00000000080060bc                __smakebuf_r
 .text._free_r  0x000000000800613c       0xa0 /Applications/STM32CubeIDE.app/Contents/Eclipse/plugins/com.st.stm32cube.ide.mcu.externaltools.gnu-tools-for-stm32.9-2020-q2-update.macos64_2.0.0.202105311346/tools/bin/../lib/gcc/arm-none-eabi/9.3.1/../../../../arm-none-eabi/lib/thumb/v7e-m+fp/hard/libc_nano.a(lib_a-nano-freer.o)
                0x000000000800613c                _free_r
 .text._malloc_r
                0x00000000080061dc       0xb4 /Applications/STM32CubeIDE.app/Contents/Eclipse/plugins/com.st.stm32cube.ide.mcu.externaltools.gnu-tools-for-stm32.9-2020-q2-update.macos64_2.0.0.202105311346/tools/bin/../lib/gcc/arm-none-eabi/9.3.1/../../../../arm-none-eabi/lib/thumb/v7e-m+fp/hard/libc_nano.a(lib_a-nano-mallocr.o)
                0x00000000080061dc                _malloc_r
 .text.__sfputc_r
                0x0000000008006290       0x2e /Applications/STM32CubeIDE.app/Contents/Eclipse/plugins/com.st.stm32cube.ide.mcu.externaltools.gnu-tools-for-stm32.9-2020-q2-update.macos64_2.0.0.202105311346/tools/bin/../lib/gcc/arm-none-eabi/9.3.1/../../../../arm-none-eabi/lib/thumb/v7e-m+fp/hard/libc_nano.a(lib_a-nano-vfprintf.o)
 .text.__sfputs_r
                0x00000000080062be       0x24 /Applications/STM32CubeIDE.app/Contents/Eclipse/plugins/com.st.stm32cube.ide.mcu.externaltools.gnu-tools-for-stm32.9-2020-q2-update.macos64_2.0.0.202105311346/tools/bin/../lib/gcc/arm-none-eabi/9.3.1/../../../../arm-none-eabi/lib/thumb/v7e-m+fp/hard/libc_nano.a(lib_a-nano-vfprintf.o)
                0x00000000080062be                __sfputs_r
 *fill*         0x00000000080062e2        0x2 
 .text._vfprintf_r
                0x00000000080062e4      0x260 /Applications/STM32CubeIDE.app/Contents/Eclipse/plugins/com.st.stm32cube.ide.mcu.externaltools.gnu-tools-for-stm32.9-2020-q2-update.macos64_2.0.0.202105311346/tools/bin/../lib/gcc/arm-none-eabi/9.3.1/../../../../arm-none-eabi/lib/thumb/v7e-m+fp/hard/libc_nano.a(lib_a-nano-vfprintf.o)
                0x00000000080062e4                _vfiprintf_r
                0x00000000080062e4                _vfprintf_r
 .text._printf_common
                0x0000000008006544       0xda /Applications/STM32CubeIDE.app/Contents/Eclipse/plugins/com.st.stm32cube.ide.mcu.externaltools.gnu-tools-for-stm32.9-2020-q2-update.macos64_2.0.0.202105311346/tools/bin/../lib/gcc/arm-none-eabi/9.3.1/../../../../arm-none-eabi/lib/thumb/v7e-m+fp/hard/libc_nano.a(lib_a-nano-vfprintf_i.o)
                0x0000000008006544                _printf_common
 *fill*         0x000000000800661e        0x2 
 .text._printf_i
                0x0000000008006620      0x24c /Applications/STM32CubeIDE.app/Contents/Eclipse/plugins/com.st.stm32cube.ide.mcu.externaltools.gnu-tools-for-stm32.9-2020-q2-update.macos64_2.0.0.202105311346/tools/bin/../lib/gcc/arm-none-eabi/9.3.1/../../../../arm-none-eabi/lib/thumb/v7e-m+fp/hard/libc_nano.a(lib_a-nano-vfprintf_i.o)
                0x0000000008006620                _printf_i
 .text._sbrk_r  0x000000000800686c       0x20 /Applications/STM32CubeIDE.app/Contents/Eclipse/plugins/com.st.stm32cube.ide.mcu.externaltools.gnu-tools-for-stm32.9-2020-q2-update.macos64_2.0.0.202105311346/tools/bin/../lib/gcc/arm-none-eabi/9.3.1/../../../../arm-none-eabi/lib/thumb/v7e-m+fp/hard/libc_nano.a(lib_a-sbrkr.o)
                0x000000000800686c                _sbrk_r
 .text.__sread  0x000000000800688c       0x22 /Applications/STM32CubeIDE.app/Contents/Eclipse/plugins/com.st.stm32cube.ide.mcu.externaltools.gnu-tools-for-stm32.9-2020-q2-update.macos64_2.0.0.202105311346/tools/bin/../lib/gcc/arm-none-eabi/9.3.1/../../../../arm-none-eabi/lib/thumb/v7e-m+fp/hard/libc_nano.a(lib_a-stdio.o)
                0x000000000800688c                __sread
 .text.__swrite
                0x00000000080068ae       0x38 /Applications/STM32CubeIDE.app/Contents/Eclipse/plugins/com.st.stm32cube.ide.mcu.externaltools.gnu-tools-for-stm32.9-2020-q2-update.macos64_2.0.0.202105311346/tools/bin/../lib/gcc/arm-none-eabi/9.3.1/../../../../arm-none-eabi/lib/thumb/v7e-m+fp/hard/libc_nano.a(lib_a-stdio.o)
                0x00000000080068ae                __swrite
 .text.__sseek  0x00000000080068e6       0x24 /Applications/STM32CubeIDE.app/Contents/Eclipse/plugins/com.st.stm32cube.ide.mcu.externaltools.gnu-tools-for-stm32.9-2020-q2-update.macos64_2.0.0.202105311346/tools/bin/../lib/gcc/arm-none-eabi/9.3.1/../../../../arm-none-eabi/lib/thumb/v7e-m+fp/hard/libc_nano.a(lib_a-stdio.o)
                0x00000000080068e6                __sseek
 .text.__sclose
                0x000000000800690a        0x8 /Applications/STM32CubeIDE.app/Contents/Eclipse/plugins/com.st.stm32cube.ide.mcu.externaltools.gnu-tools-for-stm32.9-2020-q2-update.macos64_2.0.0.202105311346/tools/bin/../lib/gcc/arm-none-eabi/9.3.1/../../../../arm-none-eabi/lib/thumb/v7e-m+fp/hard/libc_nano.a(lib_a-stdio.o)
                0x000000000800690a                __sclose
 *fill*         0x0000000008006912        0x2 
 .text._write_r
                0x0000000008006914       0x24 /Applications/STM32CubeIDE.app/Contents/Eclipse/plugins/com.st.stm32cube.ide.mcu.externaltools.gnu-tools-for-stm32.9-2020-q2-update.macos64_2.0.0.202105311346/tools/bin/../lib/gcc/arm-none-eabi/9.3.1/../../../../arm-none-eabi/lib/thumb/v7e-m+fp/hard/libc_nano.a(lib_a-writer.o)
                0x0000000008006914                _write_r
 .text._close_r
                0x0000000008006938       0x20 /Applications/STM32CubeIDE.app/Contents/Eclipse/plugins/com.st.stm32cube.ide.mcu.externaltools.gnu-tools-for-stm32.9-2020-q2-update.macos64_2.0.0.202105311346/tools/bin/../lib/gcc/arm-none-eabi/9.3.1/../../../../arm-none-eabi/lib/thumb/v7e-m+fp/hard/libc_nano.a(lib_a-closer.o)
                0x0000000008006938                _close_r
 .text._fstat_r
                0x0000000008006958       0x24 /Applications/STM32CubeIDE.app/Contents/Eclipse/plugins/com.st.stm32cube.ide.mcu.externaltools.gnu-tools-for-stm32.9-2020-q2-update.macos64_2.0.0.202105311346/tools/bin/../lib/gcc/arm-none-eabi/9.3.1/../../../../arm-none-eabi/lib/thumb/v7e-m+fp/hard/libc_nano.a(lib_a-fstatr.o)
                0x0000000008006958                _fstat_r
 .text._isatty_r
                0x000000000800697c       0x20 /Applications/STM32CubeIDE.app/Contents/Eclipse/plugins/com.st.stm32cube.ide.mcu.externaltools.gnu-tools-for-stm32.9-2020-q2-update.macos64_2.0.0.202105311346/tools/bin/../lib/gcc/arm-none-eabi/9.3.1/../../../../arm-none-eabi/lib/thumb/v7e-m+fp/hard/libc_nano.a(lib_a-isattyr.o)
                0x000000000800697c                _isatty_r
 .text._lseek_r
                0x000000000800699c       0x24 /Applications/STM32CubeIDE.app/Contents/Eclipse/plugins/com.st.stm32cube.ide.mcu.externaltools.gnu-tools-for-stm32.9-2020-q2-update.macos64_2.0.0.202105311346/tools/bin/../lib/gcc/arm-none-eabi/9.3.1/../../../../arm-none-eabi/lib/thumb/v7e-m+fp/hard/libc_nano.a(lib_a-lseekr.o)
                0x000000000800699c                _lseek_r
 .text.__malloc_lock
                0x00000000080069c0        0xc /Applications/STM32CubeIDE.app/Contents/Eclipse/plugins/com.st.stm32cube.ide.mcu.externaltools.gnu-tools-for-stm32.9-2020-q2-update.macos64_2.0.0.202105311346/tools/bin/../lib/gcc/arm-none-eabi/9.3.1/../../../../arm-none-eabi/lib/thumb/v7e-m+fp/hard/libc_nano.a(lib_a-mlock.o)
                0x00000000080069c0                __malloc_lock
 .text.__malloc_unlock
                0x00000000080069cc        0xc /Applications/STM32CubeIDE.app/Contents/Eclipse/plugins/com.st.stm32cube.ide.mcu.externaltools.gnu-tools-for-stm32.9-2020-q2-update.macos64_2.0.0.202105311346/tools/bin/../lib/gcc/arm-none-eabi/9.3.1/../../../../arm-none-eabi/lib/thumb/v7e-m+fp/hard/libc_nano.a(lib_a-mlock.o)
                0x00000000080069cc                __malloc_unlock
 .text._read_r  0x00000000080069d8       0x24 /Applications/STM32CubeIDE.app/Contents/Eclipse/plugins/com.st.stm32cube.ide.mcu.externaltools.gnu-tools-for-stm32.9-2020-q2-update.macos64_2.0.0.202105311346/tools/bin/../lib/gcc/arm-none-eabi/9.3.1/../../../../arm-none-eabi/lib/thumb/v7e-m+fp/hard/libc_nano.a(lib_a-readr.o)
                0x00000000080069d8                _read_r
 *(.glue_7)
 .glue_7        0x00000000080069fc        0x0 linker stubs
 *(.glue_7t)
 .glue_7t       0x00000000080069fc        0x0 linker stubs
 *(.eh_frame)
 .eh_frame      0x00000000080069fc        0x0 /Applications/STM32CubeIDE.app/Contents/Eclipse/plugins/com.st.stm32cube.ide.mcu.externaltools.gnu-tools-for-stm32.9-2020-q2-update.macos64_2.0.0.202105311346/tools/bin/../lib/gcc/arm-none-eabi/9.3.1/thumb/v7e-m+fp/hard/crtbegin.o
 *(.init)
 .init          0x00000000080069fc        0x4 /Applications/STM32CubeIDE.app/Contents/Eclipse/plugins/com.st.stm32cube.ide.mcu.externaltools.gnu-tools-for-stm32.9-2020-q2-update.macos64_2.0.0.202105311346/tools/bin/../lib/gcc/arm-none-eabi/9.3.1/thumb/v7e-m+fp/hard/crti.o
                0x00000000080069fc                _init
 .init          0x0000000008006a00        0x8 /Applications/STM32CubeIDE.app/Contents/Eclipse/plugins/com.st.stm32cube.ide.mcu.externaltools.gnu-tools-for-stm32.9-2020-q2-update.macos64_2.0.0.202105311346/tools/bin/../lib/gcc/arm-none-eabi/9.3.1/thumb/v7e-m+fp/hard/crtn.o
 *(.fini)
 .fini          0x0000000008006a08        0x4 /Applications/STM32CubeIDE.app/Contents/Eclipse/plugins/com.st.stm32cube.ide.mcu.externaltools.gnu-tools-for-stm32.9-2020-q2-update.macos64_2.0.0.202105311346/tools/bin/../lib/gcc/arm-none-eabi/9.3.1/thumb/v7e-m+fp/hard/crti.o
                0x0000000008006a08                _fini
 .fini          0x0000000008006a0c        0x8 /Applications/STM32CubeIDE.app/Contents/Eclipse/plugins/com.st.stm32cube.ide.mcu.externaltools.gnu-tools-for-stm32.9-2020-q2-update.macos64_2.0.0.202105311346/tools/bin/../lib/gcc/arm-none-eabi/9.3.1/thumb/v7e-m+fp/hard/crtn.o
                0x0000000008006a14                . = ALIGN (0x4)
                0x0000000008006a14                _etext = .

.vfp11_veneer   0x0000000008006a14        0x0
 .vfp11_veneer  0x0000000008006a14        0x0 linker stubs

.v4_bx          0x0000000008006a14        0x0
 .v4_bx         0x0000000008006a14        0x0 linker stubs

.iplt           0x0000000008006a14        0x0
 .iplt          0x0000000008006a14        0x0 /Applications/STM32CubeIDE.app/Contents/Eclipse/plugins/com.st.stm32cube.ide.mcu.externaltools.gnu-tools-for-stm32.9-2020-q2-update.macos64_2.0.0.202105311346/tools/bin/../lib/gcc/arm-none-eabi/9.3.1/thumb/v7e-m+fp/hard/crtbegin.o

.rodata         0x0000000008006a14      0x3fc
                0x0000000008006a14                . = ALIGN (0x4)
 *(.rodata)
 .rodata        0x0000000008006a14        0xd ./BlueNRG-2/Target/hci_tl_interface.o
 *fill*         0x0000000008006a21        0x3 
 .rodata        0x0000000008006a24       0xc9 ./Core/Src/app_bluenrg.o
 *fill*         0x0000000008006aed        0x3 
 .rodata        0x0000000008006af0       0x12 ./Core/Src/main.o
 *fill*         0x0000000008006b02        0x2 
 .rodata        0x0000000008006b04       0x4b ./Core/Src/services.o
 *(.rodata*)
 *fill*         0x0000000008006b4f        0x1 
 .rodata.SERVICE_UUID
                0x0000000008006b50       0x10 ./Core/Src/services.o
                0x0000000008006b50                SERVICE_UUID
 .rodata.CHAR_UUID_TX
                0x0000000008006b60       0x10 ./Core/Src/services.o
                0x0000000008006b60                CHAR_UUID_TX
 .rodata.CHAR_UUID_RX
                0x0000000008006b70       0x10 ./Core/Src/services.o
                0x0000000008006b70                CHAR_UUID_RX
 .rodata.AHBPrescTable
                0x0000000008006b80       0x10 ./Core/Src/system_stm32f4xx.o
                0x0000000008006b80                AHBPrescTable
 .rodata.APBPrescTable
                0x0000000008006b90        0x8 ./Core/Src/system_stm32f4xx.o
                0x0000000008006b90                APBPrescTable
 .rodata.hci_events_table
                0x0000000008006b98       0x38 ./Middlewares/ST/BlueNRG-2/hci/bluenrg1_events.o
                0x0000000008006b98                hci_events_table
 .rodata.hci_le_meta_events_table
                0x0000000008006bd0       0x50 ./Middlewares/ST/BlueNRG-2/hci/bluenrg1_events.o
                0x0000000008006bd0                hci_le_meta_events_table
 .rodata.hci_vendor_specific_events_table
                0x0000000008006c20      0x158 ./Middlewares/ST/BlueNRG-2/hci/bluenrg1_events.o
                0x0000000008006c20                hci_vendor_specific_events_table
 .rodata._global_impure_ptr
                0x0000000008006d78        0x4 /Applications/STM32CubeIDE.app/Contents/Eclipse/plugins/com.st.stm32cube.ide.mcu.externaltools.gnu-tools-for-stm32.9-2020-q2-update.macos64_2.0.0.202105311346/tools/bin/../lib/gcc/arm-none-eabi/9.3.1/../../../../arm-none-eabi/lib/thumb/v7e-m+fp/hard/libc_nano.a(lib_a-impure.o)
                0x0000000008006d78                _global_impure_ptr
 .rodata.__sf_fake_stderr
                0x0000000008006d7c       0x20 /Applications/STM32CubeIDE.app/Contents/Eclipse/plugins/com.st.stm32cube.ide.mcu.externaltools.gnu-tools-for-stm32.9-2020-q2-update.macos64_2.0.0.202105311346/tools/bin/../lib/gcc/arm-none-eabi/9.3.1/../../../../arm-none-eabi/lib/thumb/v7e-m+fp/hard/libc_nano.a(lib_a-findfp.o)
                0x0000000008006d7c                __sf_fake_stderr
 .rodata.__sf_fake_stdin
                0x0000000008006d9c       0x20 /Applications/STM32CubeIDE.app/Contents/Eclipse/plugins/com.st.stm32cube.ide.mcu.externaltools.gnu-tools-for-stm32.9-2020-q2-update.macos64_2.0.0.202105311346/tools/bin/../lib/gcc/arm-none-eabi/9.3.1/../../../../arm-none-eabi/lib/thumb/v7e-m+fp/hard/libc_nano.a(lib_a-findfp.o)
                0x0000000008006d9c                __sf_fake_stdin
 .rodata.__sf_fake_stdout
                0x0000000008006dbc       0x20 /Applications/STM32CubeIDE.app/Contents/Eclipse/plugins/com.st.stm32cube.ide.mcu.externaltools.gnu-tools-for-stm32.9-2020-q2-update.macos64_2.0.0.202105311346/tools/bin/../lib/gcc/arm-none-eabi/9.3.1/../../../../arm-none-eabi/lib/thumb/v7e-m+fp/hard/libc_nano.a(lib_a-findfp.o)
                0x0000000008006dbc                __sf_fake_stdout
 .rodata._vfprintf_r.str1.1
                0x0000000008006ddc       0x11 /Applications/STM32CubeIDE.app/Contents/Eclipse/plugins/com.st.stm32cube.ide.mcu.externaltools.gnu-tools-for-stm32.9-2020-q2-update.macos64_2.0.0.202105311346/tools/bin/../lib/gcc/arm-none-eabi/9.3.1/../../../../arm-none-eabi/lib/thumb/v7e-m+fp/hard/libc_nano.a(lib_a-nano-vfprintf.o)
 .rodata._printf_i.str1.1
                0x0000000008006ded       0x22 /Applications/STM32CubeIDE.app/Contents/Eclipse/plugins/com.st.stm32cube.ide.mcu.externaltools.gnu-tools-for-stm32.9-2020-q2-update.macos64_2.0.0.202105311346/tools/bin/../lib/gcc/arm-none-eabi/9.3.1/../../../../arm-none-eabi/lib/thumb/v7e-m+fp/hard/libc_nano.a(lib_a-nano-vfprintf_i.o)
                0x0000000008006e10                . = ALIGN (0x4)
 *fill*         0x0000000008006e0f        0x1 

.ARM.extab      0x0000000008006e10        0x0
                0x0000000008006e10                . = ALIGN (0x4)
 *(.ARM.extab* .gnu.linkonce.armextab.*)
                0x0000000008006e10                . = ALIGN (0x4)

.ARM            0x0000000008006e10        0x8
                0x0000000008006e10                . = ALIGN (0x4)
                0x0000000008006e10                __exidx_start = .
 *(.ARM.exidx*)
 .ARM.exidx     0x0000000008006e10        0x8 /Applications/STM32CubeIDE.app/Contents/Eclipse/plugins/com.st.stm32cube.ide.mcu.externaltools.gnu-tools-for-stm32.9-2020-q2-update.macos64_2.0.0.202105311346/tools/bin/../lib/gcc/arm-none-eabi/9.3.1/thumb/v7e-m+fp/hard/libgcc.a(_udivmoddi4.o)
                0x0000000008006e18                __exidx_end = .
                0x0000000008006e18                . = ALIGN (0x4)

.rel.dyn        0x0000000008006e18        0x0
 .rel.iplt      0x0000000008006e18        0x0 /Applications/STM32CubeIDE.app/Contents/Eclipse/plugins/com.st.stm32cube.ide.mcu.externaltools.gnu-tools-for-stm32.9-2020-q2-update.macos64_2.0.0.202105311346/tools/bin/../lib/gcc/arm-none-eabi/9.3.1/thumb/v7e-m+fp/hard/crtbegin.o

.preinit_array  0x0000000008006e18        0x0
                0x0000000008006e18                . = ALIGN (0x4)
                0x0000000008006e18                PROVIDE (__preinit_array_start = .)
 *(.preinit_array*)
                0x0000000008006e18                PROVIDE (__preinit_array_end = .)
                0x0000000008006e18                . = ALIGN (0x4)

.init_array     0x0000000008006e18        0x4
                0x0000000008006e18                . = ALIGN (0x4)
                0x0000000008006e18                PROVIDE (__init_array_start = .)
 *(SORT_BY_NAME(.init_array.*))
 *(.init_array*)
 .init_array    0x0000000008006e18        0x4 /Applications/STM32CubeIDE.app/Contents/Eclipse/plugins/com.st.stm32cube.ide.mcu.externaltools.gnu-tools-for-stm32.9-2020-q2-update.macos64_2.0.0.202105311346/tools/bin/../lib/gcc/arm-none-eabi/9.3.1/thumb/v7e-m+fp/hard/crtbegin.o
                0x0000000008006e1c                PROVIDE (__init_array_end = .)
                0x0000000008006e1c                . = ALIGN (0x4)

.fini_array     0x0000000008006e1c        0x4
                0x0000000008006e1c                . = ALIGN (0x4)
                [!provide]                        PROVIDE (__fini_array_start = .)
 *(SORT_BY_NAME(.fini_array.*))
 *(.fini_array*)
 .fini_array    0x0000000008006e1c        0x4 /Applications/STM32CubeIDE.app/Contents/Eclipse/plugins/com.st.stm32cube.ide.mcu.externaltools.gnu-tools-for-stm32.9-2020-q2-update.macos64_2.0.0.202105311346/tools/bin/../lib/gcc/arm-none-eabi/9.3.1/thumb/v7e-m+fp/hard/crtbegin.o
                [!provide]                        PROVIDE (__fini_array_end = .)
                0x0000000008006e20                . = ALIGN (0x4)
                0x0000000008006e20                _sidata = LOADADDR (.data)

.data           0x0000000020000000       0x78 load address 0x0000000008006e20
                0x0000000020000000                . = ALIGN (0x4)
                0x0000000020000000                _sdata = .
 *(.data)
 *(.data*)
 .data.SERVER_BDARR
                0x0000000020000000        0x6 ./Core/Src/app_bluenrg.o
                0x0000000020000000                SERVER_BDARR
 *fill*         0x0000000020000006        0x2 
 .data.SystemCoreClock
                0x0000000020000008        0x4 ./Core/Src/system_stm32f4xx.o
                0x0000000020000008                SystemCoreClock
 .data.uwTickPrio
                0x000000002000000c        0x4 ./Drivers/STM32F4xx_HAL_Driver/Src/stm32f4xx_hal.o
                0x000000002000000c                uwTickPrio
 .data.uwTickFreq
                0x0000000020000010        0x1 ./Drivers/STM32F4xx_HAL_Driver/Src/stm32f4xx_hal.o
                0x0000000020000010                uwTickFreq
 *fill*         0x0000000020000011        0x3 
 .data._impure_ptr
                0x0000000020000014        0x4 /Applications/STM32CubeIDE.app/Contents/Eclipse/plugins/com.st.stm32cube.ide.mcu.externaltools.gnu-tools-for-stm32.9-2020-q2-update.macos64_2.0.0.202105311346/tools/bin/../lib/gcc/arm-none-eabi/9.3.1/../../../../arm-none-eabi/lib/thumb/v7e-m+fp/hard/libc_nano.a(lib_a-impure.o)
                0x0000000020000014                _impure_ptr
 .data.impure_data
                0x0000000020000018       0x60 /Applications/STM32CubeIDE.app/Contents/Eclipse/plugins/com.st.stm32cube.ide.mcu.externaltools.gnu-tools-for-stm32.9-2020-q2-update.macos64_2.0.0.202105311346/tools/bin/../lib/gcc/arm-none-eabi/9.3.1/../../../../arm-none-eabi/lib/thumb/v7e-m+fp/hard/libc_nano.a(lib_a-impure.o)
 *(.RamFunc)
 *(.RamFunc*)
                0x0000000020000078                . = ALIGN (0x4)
                0x0000000020000078                _edata = .

.igot.plt       0x0000000020000078        0x0 load address 0x0000000008006e98
 .igot.plt      0x0000000020000078        0x0 /Applications/STM32CubeIDE.app/Contents/Eclipse/plugins/com.st.stm32cube.ide.mcu.externaltools.gnu-tools-for-stm32.9-2020-q2-update.macos64_2.0.0.202105311346/tools/bin/../lib/gcc/arm-none-eabi/9.3.1/thumb/v7e-m+fp/hard/crtbegin.o
                0x0000000020000078                . = ALIGN (0x4)

.bss            0x0000000020000078      0x7b4 load address 0x0000000008006e98
                0x0000000020000078                _sbss = .
                0x0000000020000078                __bss_start__ = _sbss
 *(.bss)
 .bss           0x0000000020000078       0x1c /Applications/STM32CubeIDE.app/Contents/Eclipse/plugins/com.st.stm32cube.ide.mcu.externaltools.gnu-tools-for-stm32.9-2020-q2-update.macos64_2.0.0.202105311346/tools/bin/../lib/gcc/arm-none-eabi/9.3.1/thumb/v7e-m+fp/hard/crtbegin.o
 *(.bss*)
 .bss.read_char_buf.8222
                0x0000000020000094       0xff ./BlueNRG-2/Target/hci_tl_interface.o
 *fill*         0x0000000020000193        0x1 
 .bss.SPI1InitCounter
                0x0000000020000194        0x4 ./Core/Src/custom_bus.o
 .bss.connected
                0x0000000020000198        0x1 ./Core/Src/services.o
                0x0000000020000198                connected
 *fill*         0x0000000020000199        0x1 
 .bss.connection_handle
                0x000000002000019a        0x2 ./Core/Src/services.o
                0x000000002000019a                connection_handle
 .bss.notification_enabled
                0x000000002000019c        0x1 ./Core/Src/services.o
                0x000000002000019c                notification_enabled
 *fill*         0x000000002000019d        0x3 
 .bss.__sbrk_heap_end
                0x00000000200001a0        0x4 ./Core/Src/sysmem.o
 .bss.hciReadPacketBuffer
                0x00000000200001a4      0x578 ./Middlewares/ST/BlueNRG-2/hci/hci_tl_patterns/Basic/hci_tl.o
 .bss.hciContext
                0x000000002000071c       0x20 ./Middlewares/ST/BlueNRG-2/hci/hci_tl_patterns/Basic/hci_tl.o
 .bss.__malloc_free_list
                0x000000002000073c        0x4 /Applications/STM32CubeIDE.app/Contents/Eclipse/plugins/com.st.stm32cube.ide.mcu.externaltools.gnu-tools-for-stm32.9-2020-q2-update.macos64_2.0.0.202105311346/tools/bin/../lib/gcc/arm-none-eabi/9.3.1/../../../../arm-none-eabi/lib/thumb/v7e-m+fp/hard/libc_nano.a(lib_a-nano-mallocr.o)
                0x000000002000073c                __malloc_free_list
 .bss.__malloc_sbrk_start
                0x0000000020000740        0x4 /Applications/STM32CubeIDE.app/Contents/Eclipse/plugins/com.st.stm32cube.ide.mcu.externaltools.gnu-tools-for-stm32.9-2020-q2-update.macos64_2.0.0.202105311346/tools/bin/../lib/gcc/arm-none-eabi/9.3.1/../../../../arm-none-eabi/lib/thumb/v7e-m+fp/hard/libc_nano.a(lib_a-nano-mallocr.o)
                0x0000000020000740                __malloc_sbrk_start
 *(COMMON)
 COMMON         0x0000000020000744        0x8 ./BlueNRG-2/Target/hci_tl_interface.o
                0x0000000020000744                hexti0
 COMMON         0x000000002000074c        0x1 ./Core/Src/app_bluenrg.o
                0x000000002000074c                btn_state
 *fill*         0x000000002000074d        0x3 
 COMMON         0x0000000020000750       0x58 ./Core/Src/custom_bus.o
                0x0000000020000750                hspi1
 COMMON         0x00000000200007a8       0x44 ./Core/Src/main.o
                0x00000000200007a8                huart2
 COMMON         0x00000000200007ec       0x1a ./Core/Src/services.o
                0x00000000200007ec                tx_char_handle
                0x00000000200007ee                chat_service_handle
                0x00000000200007f0                rcv_data
                0x0000000020000804                rx_char_handle
 *fill*         0x0000000020000806        0x2 
 COMMON         0x0000000020000808        0x4 ./Drivers/STM32F4xx_HAL_Driver/Src/stm32f4xx_hal.o
                0x0000000020000808                uwTick
 COMMON         0x000000002000080c       0x10 ./Middlewares/ST/BlueNRG-2/hci/hci_tl_patterns/Basic/hci_tl.o
                0x000000002000080c                hciReadPktPool
                0x0000000020000814                hciReadPktRxQueue